Command line invocation:
    /Applications/Xcode.app/Contents/Developer/usr/bin/xcodebuild -project SyncCloud.xcodeproj -scheme SyncCloud -configuration Debug -derivedDataPath ./build build

2026-03-01 21:06:06.539 xcodebuild[52912:707477] [MT] IDERunDestination: Supported platforms for the buildables in the current scheme is empty.
--- xcodebuild: WARNING: Using the first of multiple matching destinations:
{ platform:macOS, arch:arm64, id:00008132-001224A126D9801C, name:My Mac }
{ platform:macOS, arch:x86_64, id:00008132-001224A126D9801C, name:My Mac }
{ platform:macOS, name:Any Mac }
ComputePackagePrebuildTargetDependencyGraph

Prepare packages

CreateBuildRequest

SendProjectDescription

CreateBuildOperation

ComputeTargetDependencyGraph
note: Building targets in dependency order
note: Target dependency graph (1 target)
    Target 'SyncCloud' in project 'SyncCloud' (no dependencies)

GatherProvisioningInputs

CreateBuildDescription

ExecuteExternalTool /Applications/Xcode.app/Contents/Developer/Toolchains/XcodeDefault.xctoolchain/usr/bin/clang -v -E -dM -isysroot /Applications/Xcode.app/Contents/Developer/Platforms/MacOSX.platform/Developer/SDKs/MacOSX26.2.sdk -x c -c /dev/null

ExecuteExternalTool /Applications/Xcode.app/Contents/Developer/usr/bin/actool --version --output-format xml1

ExecuteExternalTool /Applications/Xcode.app/Contents/Developer/Toolchains/XcodeDefault.xctoolchain/usr/bin/swiftc --version

ExecuteExternalTool /Applications/Xcode.app/Contents/Developer/Toolchains/XcodeDefault.xctoolchain/usr/bin/ld -version_details

Build description signature: dc155e5ab0213c9b66638d1af35c49d4
Build description path: /Users/abhishek/Projects/vibe-code/SyncCloud/build/Build/Intermediates.noindex/XCBuildData/dc155e5ab0213c9b66638d1af35c49d4.xcbuilddata
ClangStatCache /Applications/Xcode.app/Contents/Developer/Toolchains/XcodeDefault.xctoolchain/usr/bin/clang-stat-cache /Applications/Xcode.app/Contents/Developer/Platforms/MacOSX.platform/Developer/SDKs/MacOSX26.2.sdk /Users/abhishek/Projects/vibe-code/SyncCloud/build/SDKStatCaches.noindex/macosx26.2-25C58-00fa09913b459cbbc988d1f6730289ae.sdkstatcache
    cd /Users/abhishek/Projects/vibe-code/SyncCloud/SyncCloud.xcodeproj
    /Applications/Xcode.app/Contents/Developer/Toolchains/XcodeDefault.xctoolchain/usr/bin/clang-stat-cache /Applications/Xcode.app/Contents/Developer/Platforms/MacOSX.platform/Developer/SDKs/MacOSX26.2.sdk -o /Users/abhishek/Projects/vibe-code/SyncCloud/build/SDKStatCaches.noindex/macosx26.2-25C58-00fa09913b459cbbc988d1f6730289ae.sdkstatcache

ProcessProductPackaging /Users/abhishek/Projects/vibe-code/SyncCloud/MacApp/Entitlements.plist /Users/abhishek/Projects/vibe-code/SyncCloud/build/Build/Intermediates.noindex/SyncCloud.build/Debug/SyncCloud.build/SyncCloud.app.xcent (in target 'SyncCloud' from project 'SyncCloud')
    cd /Users/abhishek/Projects/vibe-code/SyncCloud
    
    Entitlements:
    
    {
    "com.apple.security.app-sandbox" = 0;
    "com.apple.security.files.downloads.read-write" = 1;
    "com.apple.security.files.user-selected.read-only" = 1;
    "com.apple.security.files.user-selected.read-write" = 1;
    "com.apple.security.get-task-allow" = 1;
}
    
    builtin-productPackagingUtility /Users/abhishek/Projects/vibe-code/SyncCloud/MacApp/Entitlements.plist -entitlements -format xml -o /Users/abhishek/Projects/vibe-code/SyncCloud/build/Build/Intermediates.noindex/SyncCloud.build/Debug/SyncCloud.build/SyncCloud.app.xcent

ProcessProductPackagingDER /Users/abhishek/Projects/vibe-code/SyncCloud/build/Build/Intermediates.noindex/SyncCloud.build/Debug/SyncCloud.build/SyncCloud.app.xcent /Users/abhishek/Projects/vibe-code/SyncCloud/build/Build/Intermediates.noindex/SyncCloud.build/Debug/SyncCloud.build/SyncCloud.app.xcent.der (in target 'SyncCloud' from project 'SyncCloud')
    cd /Users/abhishek/Projects/vibe-code/SyncCloud
    /usr/bin/derq query -f xml -i /Users/abhishek/Projects/vibe-code/SyncCloud/build/Build/Intermediates.noindex/SyncCloud.build/Debug/SyncCloud.build/SyncCloud.app.xcent -o /Users/abhishek/Projects/vibe-code/SyncCloud/build/Build/Intermediates.noindex/SyncCloud.build/Debug/SyncCloud.build/SyncCloud.app.xcent.der --raw

ProcessInfoPlistFile /Users/abhishek/Projects/vibe-code/SyncCloud/build/Build/Products/Debug/SyncCloud.app/Contents/Info.plist /Users/abhishek/Projects/vibe-code/SyncCloud/MacApp/Info.plist (in target 'SyncCloud' from project 'SyncCloud')
    cd /Users/abhishek/Projects/vibe-code/SyncCloud
    builtin-infoPlistUtility /Users/abhishek/Projects/vibe-code/SyncCloud/MacApp/Info.plist -producttype com.apple.product-type.application -genpkginfo /Users/abhishek/Projects/vibe-code/SyncCloud/build/Build/Products/Debug/SyncCloud.app/Contents/PkgInfo -expandbuildsettings -platform macosx -additionalcontentfile /Users/abhishek/Projects/vibe-code/SyncCloud/build/Build/Intermediates.noindex/SyncCloud.build/Debug/SyncCloud.build/assetcatalog_generated_info.plist -o /Users/abhishek/Projects/vibe-code/SyncCloud/build/Build/Products/Debug/SyncCloud.app/Contents/Info.plist

SwiftDriver SyncCloud normal arm64 com.apple.xcode.tools.swift.compiler (in target 'SyncCloud' from project 'SyncCloud')
    cd /Users/abhishek/Projects/vibe-code/SyncCloud
    builtin-SwiftDriver -- /Applications/Xcode.app/Contents/Developer/Toolchains/XcodeDefault.xctoolchain/usr/bin/swiftc -module-name SyncCloud -Onone -enforce-exclusivity\=checked @/Users/abhishek/Projects/vibe-code/SyncCloud/build/Build/Intermediates.noindex/SyncCloud.build/Debug/SyncCloud.build/Objects-normal/arm64/SyncCloud.SwiftFileList -DDEBUG -enable-bare-slash-regex -enable-experimental-feature DebugDescriptionMacro -sdk /Applications/Xcode.app/Contents/Developer/Platforms/MacOSX.platform/Developer/SDKs/MacOSX26.2.sdk -target arm64-apple-macos14.0 -g -module-cache-path /Users/abhishek/Projects/vibe-code/SyncCloud/build/ModuleCache.noindex -Xfrontend -serialize-debugging-options -enable-testing -index-store-path /Users/abhishek/Projects/vibe-code/SyncCloud/build/Index.noindex/DataStore -Xcc -D_LIBCPP_HARDENING_MODE\=_LIBCPP_HARDENING_MODE_DEBUG -swift-version 5 -I /Users/abhishek/Projects/vibe-code/SyncCloud/build/Build/Products/Debug -F /Users/abhishek/Projects/vibe-code/SyncCloud/build/Build/Products/Debug -c -j10 -enable-batch-mode -incremental -Xcc -ivfsstatcache -Xcc /Users/abhishek/Projects/vibe-code/SyncCloud/build/SDKStatCaches.noindex/macosx26.2-25C58-00fa09913b459cbbc988d1f6730289ae.sdkstatcache -output-file-map /Users/abhishek/Projects/vibe-code/SyncCloud/build/Build/Intermediates.noindex/SyncCloud.build/Debug/SyncCloud.build/Objects-normal/arm64/SyncCloud-OutputFileMap.json -use-frontend-parseable-output -save-temps -no-color-diagnostics -explicit-module-build -module-cache-path /Users/abhishek/Projects/vibe-code/SyncCloud/build/Build/Intermediates.noindex/SwiftExplicitPrecompiledModules -clang-scanner-module-cache-path /Users/abhishek/Projects/vibe-code/SyncCloud/build/ModuleCache.noindex -sdk-module-cache-path /Users/abhishek/Projects/vibe-code/SyncCloud/build/ModuleCache.noindex -serialize-diagnostics -emit-dependencies -emit-module -emit-module-path /Users/abhishek/Projects/vibe-code/SyncCloud/build/Build/Intermediates.noindex/SyncCloud.build/Debug/SyncCloud.build/Objects-normal/arm64/SyncCloud.swiftmodule -validate-clang-modules-once -clang-build-session-file /Users/abhishek/Projects/vibe-code/SyncCloud/build/ModuleCache.noindex/Session.modulevalidation -Xcc -I/Users/abhishek/Projects/vibe-code/SyncCloud/build/Build/Intermediates.noindex/SyncCloud.build/Debug/SyncCloud.build/swift-overrides.hmap -emit-const-values -Xfrontend -const-gather-protocols-file -Xfrontend /Users/abhishek/Projects/vibe-code/SyncCloud/build/Build/Intermediates.noindex/SyncCloud.build/Debug/SyncCloud.build/Objects-normal/arm64/SyncCloud_const_extract_protocols.json -Xcc -iquote -Xcc /Users/abhishek/Projects/vibe-code/SyncCloud/build/Build/Intermediates.noindex/SyncCloud.build/Debug/SyncCloud.build/SyncCloud-generated-files.hmap -Xcc -I/Users/abhishek/Projects/vibe-code/SyncCloud/build/Build/Intermediates.noindex/SyncCloud.build/Debug/SyncCloud.build/SyncCloud-own-target-headers.hmap -Xcc -I/Users/abhishek/Projects/vibe-code/SyncCloud/build/Build/Intermediates.noindex/SyncCloud.build/Debug/SyncCloud.build/SyncCloud-all-target-headers.hmap -Xcc -iquote -Xcc /Users/abhishek/Projects/vibe-code/SyncCloud/build/Build/Intermediates.noindex/SyncCloud.build/Debug/SyncCloud.build/SyncCloud-project-headers.hmap -Xcc -I/Users/abhishek/Projects/vibe-code/SyncCloud/build/Build/Products/Debug/include -Xcc -I/Users/abhishek/Projects/vibe-code/SyncCloud/build/Build/Intermediates.noindex/SyncCloud.build/Debug/SyncCloud.build/DerivedSources-normal/arm64 -Xcc -I/Users/abhishek/Projects/vibe-code/SyncCloud/build/Build/Intermediates.noindex/SyncCloud.build/Debug/SyncCloud.build/DerivedSources/arm64 -Xcc -I/Users/abhishek/Projects/vibe-code/SyncCloud/build/Build/Intermediates.noindex/SyncCloud.build/Debug/SyncCloud.build/DerivedSources -Xcc -DDEBUG\=1 -emit-objc-header -emit-objc-header-path /Users/abhishek/Projects/vibe-code/SyncCloud/build/Build/Intermediates.noindex/SyncCloud.build/Debug/SyncCloud.build/Objects-normal/arm64/SyncCloud-Swift.h -working-directory /Users/abhishek/Projects/vibe-code/SyncCloud -experimental-emit-module-separately -disable-cmo

SwiftCompile normal arm64 Compiling\ CloudProvider.swift /Users/abhishek/Projects/vibe-code/SyncCloud/MacApp/CloudProvider.swift (in target 'SyncCloud' from project 'SyncCloud')

SwiftCompile normal arm64 /Users/abhishek/Projects/vibe-code/SyncCloud/MacApp/CloudProvider.swift (in target 'SyncCloud' from project 'SyncCloud')
    cd /Users/abhishek/Projects/vibe-code/SyncCloud
    

SwiftCompile normal arm64 Compiling\ ContentView.swift /Users/abhishek/Projects/vibe-code/SyncCloud/MacApp/ContentView.swift (in target 'SyncCloud' from project 'SyncCloud')
SwiftCompile normal arm64 /Users/abhishek/Projects/vibe-code/SyncCloud/MacApp/ContentView.swift (in target 'SyncCloud' from project 'SyncCloud')
    cd /Users/abhishek/Projects/vibe-code/SyncCloud
    

SwiftCompile normal arm64 Compiling\ SettingsManager.swift /Users/abhishek/Projects/vibe-code/SyncCloud/MacApp/SettingsManager.swift (in target 'SyncCloud' from project 'SyncCloud')

SwiftCompile normal arm64 /Users/abhishek/Projects/vibe-code/SyncCloud/MacApp/SettingsManager.swift (in target 'SyncCloud' from project 'SyncCloud')
    cd /Users/abhishek/Projects/vibe-code/SyncCloud
    

SwiftCompile normal arm64 Compiling\ DocumentSyncManager.swift /Users/abhishek/Projects/vibe-code/SyncCloud/MacApp/DocumentSyncManager.swift (in target 'SyncCloud' from project 'SyncCloud')
Failed frontend command:
/Applications/Xcode.app/Contents/Developer/Toolchains/XcodeDefault.xctoolchain/usr/bin/swift-frontend -frontend -c /Users/abhishek/Projects/vibe-code/SyncCloud/MacApp/CloudProvider.swift /Users/abhishek/Projects/vibe-code/SyncCloud/MacApp/ContentView.swift -primary-file /Users/abhishek/Projects/vibe-code/SyncCloud/MacApp/DocumentSyncManager.swift /Users/abhishek/Projects/vibe-code/SyncCloud/MacApp/SettingsManager.swift /Users/abhishek/Projects/vibe-code/SyncCloud/MacApp/SettingsView.swift /Users/abhishek/Projects/vibe-code/SyncCloud/MacApp/SyncCloudApp.swift /Users/abhishek/Projects/vibe-code/SyncCloud/build/Build/Intermediates.noindex/SyncCloud.build/Debug/SyncCloud.build/DerivedSources/GeneratedAssetSymbols.swift -emit-dependencies-path /Users/abhishek/Projects/vibe-code/SyncCloud/build/Build/Intermediates.noindex/SyncCloud.build/Debug/SyncCloud.build/Objects-normal/arm64/DocumentSyncManager.d -emit-const-values-path /Users/abhishek/Projects/vibe-code/SyncCloud/build/Build/Intermediates.noindex/SyncCloud.build/Debug/SyncCloud.build/Objects-normal/arm64/DocumentSyncManager.swiftconstvalues -emit-reference-dependencies-path /Users/abhishek/Projects/vibe-code/SyncCloud/build/Build/Intermediates.noindex/SyncCloud.build/Debug/SyncCloud.build/Objects-normal/arm64/DocumentSyncManager.swiftdeps -serialize-diagnostics-path /Users/abhishek/Projects/vibe-code/SyncCloud/build/Build/Intermediates.noindex/SyncCloud.build/Debug/SyncCloud.build/Objects-normal/arm64/DocumentSyncManager.dia -target arm64-apple-macos14.0 -module-can-import-version DeveloperToolsSupport 23.0.4 23.0.4 -load-resolved-plugin /Applications/Xcode.app/Contents/Developer/Platforms/MacOSX.platform/Developer/usr/lib/swift/host/plugins/libFoundationMacros.dylib\#/Applications/Xcode.app/Contents/Developer/Platforms/MacOSX.platform/Developer/usr/bin/swift-plugin-server\#FoundationMacros -load-resolved-plugin /Applications/Xcode.app/Contents/Developer/Platforms/MacOSX.platform/Developer/usr/lib/swift/host/plugins/libObservationMacros.dylib\#/Applications/Xcode.app/Contents/Developer/Platforms/MacOSX.platform/Developer/usr/bin/swift-plugin-server\#ObservationMacros -load-resolved-plugin /Applications/Xcode.app/Contents/Developer/Platforms/MacOSX.platform/Developer/usr/lib/swift/host/plugins/libPreviewsMacros.dylib\#/Applications/Xcode.app/Contents/Developer/Platforms/MacOSX.platform/Developer/usr/bin/swift-plugin-server\#PreviewsMacros -load-resolved-plugin /Applications/Xcode.app/Contents/Developer/Platforms/MacOSX.platform/Developer/usr/lib/swift/host/plugins/libSwiftMacros.dylib\#/Applications/Xcode.app/Contents/Developer/Platforms/MacOSX.platform/Developer/usr/bin/swift-plugin-server\#SwiftMacros -load-resolved-plugin /Applications/Xcode.app/Contents/Developer/Platforms/MacOSX.platform/Developer/usr/lib/swift/host/plugins/libSwiftUIMacros.dylib\#/Applications/Xcode.app/Contents/Developer/Platforms/MacOSX.platform/Developer/usr/bin/swift-plugin-server\#SwiftUIMacros -disable-implicit-swift-modules -Xcc -fno-implicit-modules -Xcc -fno-implicit-module-maps -explicit-swift-module-map-file /Users/abhishek/Projects/vibe-code/SyncCloud/build/Build/Intermediates.noindex/SyncCloud.build/Debug/SyncCloud.build/Objects-normal/arm64/SyncCloud-dependencies-1.json -Xllvm -aarch64-use-tbi -enable-objc-interop -stack-check -sdk /Applications/Xcode.app/Contents/Developer/Platforms/MacOSX.platform/Developer/SDKs/MacOSX26.2.sdk -I /Users/abhishek/Projects/vibe-code/SyncCloud/build/Build/Products/Debug -F /Users/abhishek/Projects/vibe-code/SyncCloud/build/Build/Products/Debug -no-color-diagnostics -Xcc -fno-color-diagnostics -enable-testing -g -debug-info-format\=dwarf -dwarf-version\=4 -module-cache-path /Users/abhishek/Projects/vibe-code/SyncCloud/build/Build/Intermediates.noindex/SwiftExplicitPrecompiledModules -swift-version 5 -enforce-exclusivity\=checked -Onone -D DEBUG -serialize-debugging-options -const-gather-protocols-file /Users/abhishek/Projects/vibe-code/SyncCloud/build/Build/Intermediates.noindex/SyncCloud.build/Debug/SyncCloud.build/Objects-normal/arm64/SyncCloud_const_extract_protocols.json -enable-experimental-feature DebugDescriptionMacro -enable-bare-slash-regex -empty-abi-descriptor -validate-clang-modules-once -clang-build-session-file /Users/abhishek/Projects/vibe-code/SyncCloud/build/ModuleCache.noindex/Session.modulevalidation -Xcc -working-directory -Xcc /Users/abhishek/Projects/vibe-code/SyncCloud -enable-anonymous-context-mangled-names -file-compilation-dir /Users/abhishek/Projects/vibe-code/SyncCloud -Xcc -D_LIBCPP_HARDENING_MODE\=_LIBCPP_HARDENING_MODE_DEBUG -Xcc -ivfsstatcache -Xcc /Users/abhishek/Projects/vibe-code/SyncCloud/build/SDKStatCaches.noindex/macosx26.2-25C58-00fa09913b459cbbc988d1f6730289ae.sdkstatcache -Xcc -I/Users/abhishek/Projects/vibe-code/SyncCloud/build/Build/Intermediates.noindex/SyncCloud.build/Debug/SyncCloud.build/swift-overrides.hmap -Xcc -iquote -Xcc /Users/abhishek/Projects/vibe-code/SyncCloud/build/Build/Intermediates.noindex/SyncCloud.build/Debug/SyncCloud.build/SyncCloud-generated-files.hmap -Xcc -I/Users/abhishek/Projects/vibe-code/SyncCloud/build/Build/Intermediates.noindex/SyncCloud.build/Debug/SyncCloud.build/SyncCloud-own-target-headers.hmap -Xcc -I/Users/abhishek/Projects/vibe-code/SyncCloud/build/Build/Intermediates.noindex/SyncCloud.build/Debug/SyncCloud.build/SyncCloud-all-target-headers.hmap -Xcc -iquote -Xcc /Users/abhishek/Projects/vibe-code/SyncCloud/build/Build/Intermediates.noindex/SyncCloud.build/Debug/SyncCloud.build/SyncCloud-project-headers.hmap -Xcc -I/Users/abhishek/Projects/vibe-code/SyncCloud/build/Build/Products/Debug/include -Xcc -I/Users/abhishek/Projects/vibe-code/SyncCloud/build/Build/Intermediates.noindex/SyncCloud.build/Debug/SyncCloud.build/DerivedSources-normal/arm64 -Xcc -I/Users/abhishek/Projects/vibe-code/SyncCloud/build/Build/Intermediates.noindex/SyncCloud.build/Debug/SyncCloud.build/DerivedSources/arm64 -Xcc -I/Users/abhishek/Projects/vibe-code/SyncCloud/build/Build/Intermediates.noindex/SyncCloud.build/Debug/SyncCloud.build/DerivedSources -Xcc -DDEBUG\=1 -no-auto-bridging-header-chaining -module-name SyncCloud -frontend-parseable-output -disable-clang-spi -target-sdk-version 26.2 -target-sdk-name macosx26.2 -clang-target arm64-apple-macos26.2 -in-process-plugin-server-path /Applications/Xcode.app/Contents/Developer/Toolchains/XcodeDefault.xctoolchain/usr/lib/swift/host/libSwiftInProcPluginServer.dylib -o /Users/abhishek/Projects/vibe-code/SyncCloud/build/Build/Intermediates.noindex/SyncCloud.build/Debug/SyncCloud.build/Objects-normal/arm64/DocumentSyncManager.o -index-unit-output-path /SyncCloud.build/Debug/SyncCloud.build/Objects-normal/arm64/DocumentSyncManager.o -index-store-path /Users/abhishek/Projects/vibe-code/SyncCloud/build/Index.noindex/DataStore -index-system-modules

SwiftCompile normal arm64 /Users/abhishek/Projects/vibe-code/SyncCloud/MacApp/DocumentSyncManager.swift (in target 'SyncCloud' from project 'SyncCloud')
    cd /Users/abhishek/Projects/vibe-code/SyncCloud
    
/Users/abhishek/Projects/vibe-code/SyncCloud/MacApp/DocumentSyncManager.swift:161:34: error: value of type 'CloudProvider' has no member 'localPath'
        let sourceRoot = (source.localPath as NSString).expandingTildeInPath
                          ~~~~~~ ^~~~~~~~~
/Users/abhishek/Projects/vibe-code/SyncCloud/MacApp/DocumentSyncManager.swift:162:37: error: value of type 'CloudProvider' has no member 'localPath'
        let destRoot = (destination.localPath as NSString).expandingTildeInPath
                        ~~~~~~~~~~~ ^~~~~~~~~

SwiftEmitModule normal arm64 Emitting\ module\ for\ SyncCloud (in target 'SyncCloud' from project 'SyncCloud')

EmitSwiftModule normal arm64 (in target 'SyncCloud' from project 'SyncCloud')
    cd /Users/abhishek/Projects/vibe-code/SyncCloud
    

SwiftCompile normal arm64 Compiling\ SyncCloudApp.swift /Users/abhishek/Projects/vibe-code/SyncCloud/MacApp/SyncCloudApp.swift (in target 'SyncCloud' from project 'SyncCloud')

SwiftCompile normal arm64 /Users/abhishek/Projects/vibe-code/SyncCloud/MacApp/SyncCloudApp.swift (in target 'SyncCloud' from project 'SyncCloud')
    cd /Users/abhishek/Projects/vibe-code/SyncCloud
    

SwiftCompile normal arm64 Compiling\ SettingsView.swift /Users/abhishek/Projects/vibe-code/SyncCloud/MacApp/SettingsView.swift (in target 'SyncCloud' from project 'SyncCloud')

SwiftCompile normal arm64 /Users/abhishek/Projects/vibe-code/SyncCloud/MacApp/SettingsView.swift (in target 'SyncCloud' from project 'SyncCloud')
    cd /Users/abhishek/Projects/vibe-code/SyncCloud
    

SwiftDriverJobDiscovery normal arm64 Compiling SyncCloudApp.swift (in target 'SyncCloud' from project 'SyncCloud')

SwiftDriverJobDiscovery normal arm64 Compiling CloudProvider.swift (in target 'SyncCloud' from project 'SyncCloud')

SwiftDriverJobDiscovery normal arm64 Compiling SettingsManager.swift (in target 'SyncCloud' from project 'SyncCloud')

** BUILD FAILED **


The following build commands failed:
	SwiftCompile normal arm64 Compiling\ DocumentSyncManager.swift /Users/abhishek/Projects/vibe-code/SyncCloud/MacApp/DocumentSyncManager.swift (in target 'SyncCloud' from project 'SyncCloud')
	SwiftCompile normal arm64 /Users/abhishek/Projects/vibe-code/SyncCloud/MacApp/DocumentSyncManager.swift (in target 'SyncCloud' from project 'SyncCloud')
	Building project SyncCloud with scheme SyncCloud and configuration Debug
(3 failures)
