Command line invocation:
    /Applications/Xcode.app/Contents/Developer/usr/bin/xcodebuild -project SyncCloud.xcodeproj -scheme SyncCloud -configuration Debug -destination platform=macOS

2026-03-01 21:34:02.082 xcodebuild[62520:756903] [MT] IDERunDestination: Supported platforms for the buildables in the current scheme is empty.
--- xcodebuild: WARNING: Using the first of multiple matching destinations:
{ platform:macOS, arch:arm64, id:00008132-001224A126D9801C, name:My Mac }
{ platform:macOS, arch:x86_64, id:00008132-001224A126D9801C, name:My Mac }
ComputePackagePrebuildTargetDependencyGraph

Prepare packages

CreateBuildRequest

SendProjectDescription

CreateBuildOperation

ComputeTargetDependencyGraph
note: Building targets in dependency order
note: Target dependency graph (1 target)
    Target 'SyncCloud' in project 'SyncCloud' (no dependencies)

GatherProvisioningInputs

CreateBuildDescription

ClangStatCache /Applications/Xcode.app/Contents/Developer/Toolchains/XcodeDefault.xctoolchain/usr/bin/clang-stat-cache /Applications/Xcode.app/Contents/Developer/Platforms/MacOSX.platform/Developer/SDKs/MacOSX26.2.sdk /Users/abhishek/Library/Developer/Xcode/DerivedData/SDKStatCaches.noindex/macosx26.2-25C58-00fa09913b459cbbc988d1f6730289ae.sdkstatcache
    cd /Users/abhishek/Projects/vibe-code/SyncCloud/SyncCloud.xcodeproj
    /Applications/Xcode.app/Contents/Developer/Toolchains/XcodeDefault.xctoolchain/usr/bin/clang-stat-cache /Applications/Xcode.app/Contents/Developer/Platforms/MacOSX.platform/Developer/SDKs/MacOSX26.2.sdk -o /Users/abhishek/Library/Developer/Xcode/DerivedData/SDKStatCaches.noindex/macosx26.2-25C58-00fa09913b459cbbc988d1f6730289ae.sdkstatcache

SwiftDriver SyncCloud normal arm64 com.apple.xcode.tools.swift.compiler (in target 'SyncCloud' from project 'SyncCloud')
    cd /Users/abhishek/Projects/vibe-code/SyncCloud
    builtin-SwiftDriver -- /Applications/Xcode.app/Contents/Developer/Toolchains/XcodeDefault.xctoolchain/usr/bin/swiftc -module-name SyncCloud -Onone -enforce-exclusivity\=checked @/Users/abhishek/Library/Developer/Xcode/DerivedData/SyncCloud-eokdjqkttymrbxbmziiiwdrfmfai/Build/Intermediates.noindex/SyncCloud.build/Debug/SyncCloud.build/Objects-normal/arm64/SyncCloud.SwiftFileList -DDEBUG -enable-bare-slash-regex -enable-experimental-feature DebugDescriptionMacro -sdk /Applications/Xcode.app/Contents/Developer/Platforms/MacOSX.platform/Developer/SDKs/MacOSX26.2.sdk -target arm64-apple-macos14.0 -g -module-cache-path /Users/abhishek/Library/Developer/Xcode/DerivedData/ModuleCache.noindex -Xfrontend -serialize-debugging-options -enable-testing -index-store-path /Users/abhishek/Library/Developer/Xcode/DerivedData/SyncCloud-eokdjqkttymrbxbmziiiwdrfmfai/Index.noindex/DataStore -Xcc -D_LIBCPP_HARDENING_MODE\=_LIBCPP_HARDENING_MODE_DEBUG -swift-version 5 -I /Users/abhishek/Library/Developer/Xcode/DerivedData/SyncCloud-eokdjqkttymrbxbmziiiwdrfmfai/Build/Products/Debug -F /Users/abhishek/Library/Developer/Xcode/DerivedData/SyncCloud-eokdjqkttymrbxbmziiiwdrfmfai/Build/Products/Debug -c -j10 -enable-batch-mode -incremental -Xcc -ivfsstatcache -Xcc /Users/abhishek/Library/Developer/Xcode/DerivedData/SDKStatCaches.noindex/macosx26.2-25C58-00fa09913b459cbbc988d1f6730289ae.sdkstatcache -output-file-map /Users/abhishek/Library/Developer/Xcode/DerivedData/SyncCloud-eokdjqkttymrbxbmziiiwdrfmfai/Build/Intermediates.noindex/SyncCloud.build/Debug/SyncCloud.build/Objects-normal/arm64/SyncCloud-OutputFileMap.json -use-frontend-parseable-output -save-temps -no-color-diagnostics -explicit-module-build -module-cache-path /Users/abhishek/Library/Developer/Xcode/DerivedData/SyncCloud-eokdjqkttymrbxbmziiiwdrfmfai/Build/Intermediates.noindex/SwiftExplicitPrecompiledModules -clang-scanner-module-cache-path /Users/abhishek/Library/Developer/Xcode/DerivedData/ModuleCache.noindex -sdk-module-cache-path /Users/abhishek/Library/Developer/Xcode/DerivedData/ModuleCache.noindex -serialize-diagnostics -emit-dependencies -emit-module -emit-module-path /Users/abhishek/Library/Developer/Xcode/DerivedData/SyncCloud-eokdjqkttymrbxbmziiiwdrfmfai/Build/Intermediates.noindex/SyncCloud.build/Debug/SyncCloud.build/Objects-normal/arm64/SyncCloud.swiftmodule -validate-clang-modules-once -clang-build-session-file /Users/abhishek/Library/Developer/Xcode/DerivedData/ModuleCache.noindex/Session.modulevalidation -Xcc -I/Users/abhishek/Library/Developer/Xcode/DerivedData/SyncCloud-eokdjqkttymrbxbmziiiwdrfmfai/Build/Intermediates.noindex/SyncCloud.build/Debug/SyncCloud.build/swift-overrides.hmap -emit-const-values -Xfrontend -const-gather-protocols-file -Xfrontend /Users/abhishek/Library/Developer/Xcode/DerivedData/SyncCloud-eokdjqkttymrbxbmziiiwdrfmfai/Build/Intermediates.noindex/SyncCloud.build/Debug/SyncCloud.build/Objects-normal/arm64/SyncCloud_const_extract_protocols.json -Xcc -iquote -Xcc /Users/abhishek/Library/Developer/Xcode/DerivedData/SyncCloud-eokdjqkttymrbxbmziiiwdrfmfai/Build/Intermediates.noindex/SyncCloud.build/Debug/SyncCloud.build/SyncCloud-generated-files.hmap -Xcc -I/Users/abhishek/Library/Developer/Xcode/DerivedData/SyncCloud-eokdjqkttymrbxbmziiiwdrfmfai/Build/Intermediates.noindex/SyncCloud.build/Debug/SyncCloud.build/SyncCloud-own-target-headers.hmap -Xcc -I/Users/abhishek/Library/Developer/Xcode/DerivedData/SyncCloud-eokdjqkttymrbxbmziiiwdrfmfai/Build/Intermediates.noindex/SyncCloud.build/Debug/SyncCloud.build/SyncCloud-all-target-headers.hmap -Xcc -iquote -Xcc /Users/abhishek/Library/Developer/Xcode/DerivedData/SyncCloud-eokdjqkttymrbxbmziiiwdrfmfai/Build/Intermediates.noindex/SyncCloud.build/Debug/SyncCloud.build/SyncCloud-project-headers.hmap -Xcc -I/Users/abhishek/Library/Developer/Xcode/DerivedData/SyncCloud-eokdjqkttymrbxbmziiiwdrfmfai/Build/Products/Debug/include -Xcc -I/Users/abhishek/Library/Developer/Xcode/DerivedData/SyncCloud-eokdjqkttymrbxbmziiiwdrfmfai/Build/Intermediates.noindex/SyncCloud.build/Debug/SyncCloud.build/DerivedSources-normal/arm64 -Xcc -I/Users/abhishek/Library/Developer/Xcode/DerivedData/SyncCloud-eokdjqkttymrbxbmziiiwdrfmfai/Build/Intermediates.noindex/SyncCloud.build/Debug/SyncCloud.build/DerivedSources/arm64 -Xcc -I/Users/abhishek/Library/Developer/Xcode/DerivedData/SyncCloud-eokdjqkttymrbxbmziiiwdrfmfai/Build/Intermediates.noindex/SyncCloud.build/Debug/SyncCloud.build/DerivedSources -Xcc -DDEBUG\=1 -emit-objc-header -emit-objc-header-path /Users/abhishek/Library/Developer/Xcode/DerivedData/SyncCloud-eokdjqkttymrbxbmziiiwdrfmfai/Build/Intermediates.noindex/SyncCloud.build/Debug/SyncCloud.build/Objects-normal/arm64/SyncCloud-Swift.h -working-directory /Users/abhishek/Projects/vibe-code/SyncCloud -experimental-emit-module-separately -disable-cmo

SwiftCompile normal arm64 Compiling\ ContentView.swift /Users/abhishek/Projects/vibe-code/SyncCloud/MacApp/ContentView.swift (in target 'SyncCloud' from project 'SyncCloud')

SwiftCompile normal arm64 /Users/abhishek/Projects/vibe-code/SyncCloud/MacApp/ContentView.swift (in target 'SyncCloud' from project 'SyncCloud')
    cd /Users/abhishek/Projects/vibe-code/SyncCloud
    
/Users/abhishek/Projects/vibe-code/SyncCloud/MacApp/ContentView.swift:15:25: error: the compiler is unable to type-check this expression in reasonable time; try breaking up the expression into distinct sub-expressions
    var body: some View {
                        ^
/Users/abhishek/Projects/vibe-code/SyncCloud/MacApp/ContentView.swift:229:31: error: value of type 'DocumentSyncManager' has no dynamic member 'copyItems' using key path from root type 'DocumentSyncManager'
            await syncManager.copyItems(nodes: nodes, fromSource: fromSource, sourceRoot: sourceRoot, destinationRoot: destRoot)
                  ~~~~~~~~~~~ ^~~~~~~~~
/Users/abhishek/Projects/vibe-code/SyncCloud/MacApp/ContentView.swift:229:19: error: referencing subscript 'subscript(dynamicMember:)' requires wrapper 'ObservedObject<DocumentSyncManager>.Wrapper'
            await syncManager.copyItems(nodes: nodes, fromSource: fromSource, sourceRoot: sourceRoot, destinationRoot: destRoot)
                  ^
                  $
/Users/abhishek/Projects/vibe-code/SyncCloud/MacApp/ContentView.swift:229:31: error: cannot call value of non-function type 'Binding<Subject>'
            await syncManager.copyItems(nodes: nodes, fromSource: fromSource, sourceRoot: sourceRoot, destinationRoot: destRoot)
                              ^
/Users/abhishek/Projects/vibe-code/SyncCloud/MacApp/ContentView.swift:236:31: error: value of type 'DocumentSyncManager' has no dynamic member 'deleteItems' using key path from root type 'DocumentSyncManager'
            await syncManager.deleteItems(at: nodes.map { $0.id })
                  ~~~~~~~~~~~ ^~~~~~~~~~~
/Users/abhishek/Projects/vibe-code/SyncCloud/MacApp/ContentView.swift:236:19: error: referencing subscript 'subscript(dynamicMember:)' requires wrapper 'ObservedObject<DocumentSyncManager>.Wrapper'
            await syncManager.deleteItems(at: nodes.map { $0.id })
                  ^
                  $
/Users/abhishek/Projects/vibe-code/SyncCloud/MacApp/ContentView.swift:236:31: error: cannot call value of non-function type 'Binding<Subject>'
            await syncManager.deleteItems(at: nodes.map { $0.id })
                              ^
/Users/abhishek/Projects/vibe-code/SyncCloud/MacApp/ContentView.swift:242:40: error: value of type 'DocumentSyncManager' has no dynamic member 'clipboardNodes' using key path from root type 'DocumentSyncManager'
        let nodesToPaste = syncManager.clipboardNodes
                           ~~~~~~~~~~~ ^~~~~~~~~~~~~~
/Users/abhishek/Projects/vibe-code/SyncCloud/MacApp/ContentView.swift:242:28: error: referencing subscript 'subscript(dynamicMember:)' requires wrapper 'ObservedObject<DocumentSyncManager>.Wrapper'
        let nodesToPaste = syncManager.clipboardNodes
                           ^
                           $
/Users/abhishek/Projects/vibe-code/SyncCloud/MacApp/ContentView.swift:245:21: error: value of type 'DocumentSyncManager' has no dynamic member 'clipboardNodes' using key path from root type 'DocumentSyncManager'
        syncManager.clipboardNodes = [] // Clear clipboard after paste
        ~~~~~~~~~~~ ^~~~~~~~~~~~~~
/Users/abhishek/Projects/vibe-code/SyncCloud/MacApp/ContentView.swift:245:9: error: referencing subscript 'subscript(dynamicMember:)' requires wrapper 'ObservedObject<DocumentSyncManager>.Wrapper'
        syncManager.clipboardNodes = [] // Clear clipboard after paste
        ^
        $
/Users/abhishek/Projects/vibe-code/SyncCloud/MacApp/ContentView.swift:245:38: error: cannot assign value of type '[Any]' to type 'Binding<Subject>'
        syncManager.clipboardNodes = [] // Clear clipboard after paste
                                     ^~
/Users/abhishek/Projects/vibe-code/SyncCloud/MacApp/ContentView.swift:250:31: error: value of type 'DocumentSyncManager' has no dynamic member 'copyItems' using key path from root type 'DocumentSyncManager'
            await syncManager.copyItems(nodes: nodes, toPath: targetFolder.id)
                  ~~~~~~~~~~~ ^~~~~~~~~
/Users/abhishek/Projects/vibe-code/SyncCloud/MacApp/ContentView.swift:250:19: error: referencing subscript 'subscript(dynamicMember:)' requires wrapper 'ObservedObject<DocumentSyncManager>.Wrapper'
            await syncManager.copyItems(nodes: nodes, toPath: targetFolder.id)
                  ^
                  $
/Users/abhishek/Projects/vibe-code/SyncCloud/MacApp/ContentView.swift:250:31: error: cannot call value of non-function type 'Binding<Subject>'
            await syncManager.copyItems(nodes: nodes, toPath: targetFolder.id)
                              ^
/Users/abhishek/Projects/vibe-code/SyncCloud/MacApp/ContentView.swift:463:50: error: value of type '[FileNode]' has no member 'findNodes'
                        let selectedNodes = tree.findNodes(at: selection.isEmpty ? [node.id] : selection)
                                            ~~~~ ^~~~~~~~~
/Users/abhishek/Projects/vibe-code/SyncCloud/MacApp/ContentView.swift:463:84: error: result values in '? :' expression have mismatching types '[String]' and 'Set<String>'
                        let selectedNodes = tree.findNodes(at: selection.isEmpty ? [node.id] : selection)
                                                                                   ^~~~~~~~~

Failed frontend command:
/Applications/Xcode.app/Contents/Developer/Toolchains/XcodeDefault.xctoolchain/usr/bin/swift-frontend -frontend -c /Users/abhishek/Projects/vibe-code/SyncCloud/MacApp/CloudProvider.swift -primary-file /Users/abhishek/Projects/vibe-code/SyncCloud/MacApp/ContentView.swift /Users/abhishek/Projects/vibe-code/SyncCloud/MacApp/DocumentSyncManager.swift /Users/abhishek/Projects/vibe-code/SyncCloud/MacApp/SettingsManager.swift /Users/abhishek/Projects/vibe-code/SyncCloud/MacApp/SettingsView.swift /Users/abhishek/Projects/vibe-code/SyncCloud/MacApp/SyncCloudApp.swift /Users/abhishek/Library/Developer/Xcode/DerivedData/SyncCloud-eokdjqkttymrbxbmziiiwdrfmfai/Build/Intermediates.noindex/SyncCloud.build/Debug/SyncCloud.build/DerivedSources/GeneratedAssetSymbols.swift -emit-dependencies-path /Users/abhishek/Library/Developer/Xcode/DerivedData/SyncCloud-eokdjqkttymrbxbmziiiwdrfmfai/Build/Intermediates.noindex/SyncCloud.build/Debug/SyncCloud.build/Objects-normal/arm64/ContentView.d -emit-const-values-path /Users/abhishek/Library/Developer/Xcode/DerivedData/SyncCloud-eokdjqkttymrbxbmziiiwdrfmfai/Build/Intermediates.noindex/SyncCloud.build/Debug/SyncCloud.build/Objects-normal/arm64/ContentView.swiftconstvalues -emit-reference-dependencies-path /Users/abhishek/Library/Developer/Xcode/DerivedData/SyncCloud-eokdjqkttymrbxbmziiiwdrfmfai/Build/Intermediates.noindex/SyncCloud.build/Debug/SyncCloud.build/Objects-normal/arm64/ContentView.swiftdeps -serialize-diagnostics-path /Users/abhishek/Library/Developer/Xcode/DerivedData/SyncCloud-eokdjqkttymrbxbmziiiwdrfmfai/Build/Intermediates.noindex/SyncCloud.build/Debug/SyncCloud.build/Objects-normal/arm64/ContentView.dia -target arm64-apple-macos14.0 -module-can-import-version DeveloperToolsSupport 23.0.4 23.0.4 -load-resolved-plugin /Applications/Xcode.app/Contents/Developer/Platforms/MacOSX.platform/Developer/usr/lib/swift/host/plugins/libFoundationMacros.dylib\#/Applications/Xcode.app/Contents/Developer/Platforms/MacOSX.platform/Developer/usr/bin/swift-plugin-server\#FoundationMacros -load-resolved-plugin /Applications/Xcode.app/Contents/Developer/Platforms/MacOSX.platform/Developer/usr/lib/swift/host/plugins/libObservationMacros.dylib\#/Applications/Xcode.app/Contents/Developer/Platforms/MacOSX.platform/Developer/usr/bin/swift-plugin-server\#ObservationMacros -load-resolved-plugin /Applications/Xcode.app/Contents/Developer/Platforms/MacOSX.platform/Developer/usr/lib/swift/host/plugins/libPreviewsMacros.dylib\#/Applications/Xcode.app/Contents/Developer/Platforms/MacOSX.platform/Developer/usr/bin/swift-plugin-server\#PreviewsMacros -load-resolved-plugin /Applications/Xcode.app/Contents/Developer/Platforms/MacOSX.platform/Developer/usr/lib/swift/host/plugins/libSwiftMacros.dylib\#/Applications/Xcode.app/Contents/Developer/Platforms/MacOSX.platform/Developer/usr/bin/swift-plugin-server\#SwiftMacros -load-resolved-plugin /Applications/Xcode.app/Contents/Developer/Platforms/MacOSX.platform/Developer/usr/lib/swift/host/plugins/libSwiftUIMacros.dylib\#/Applications/Xcode.app/Contents/Developer/Platforms/MacOSX.platform/Developer/usr/bin/swift-plugin-server\#SwiftUIMacros -disable-implicit-swift-modules -Xcc -fno-implicit-modules -Xcc -fno-implicit-module-maps -explicit-swift-module-map-file /Users/abhishek/Library/Developer/Xcode/DerivedData/SyncCloud-eokdjqkttymrbxbmziiiwdrfmfai/Build/Intermediates.noindex/SyncCloud.build/Debug/SyncCloud.build/Objects-normal/arm64/SyncCloud-dependencies-1.json -Xllvm -aarch64-use-tbi -enable-objc-interop -stack-check -sdk /Applications/Xcode.app/Contents/Developer/Platforms/MacOSX.platform/Developer/SDKs/MacOSX26.2.sdk -I /Users/abhishek/Library/Developer/Xcode/DerivedData/SyncCloud-eokdjqkttymrbxbmziiiwdrfmfai/Build/Products/Debug -F /Users/abhishek/Library/Developer/Xcode/DerivedData/SyncCloud-eokdjqkttymrbxbmziiiwdrfmfai/Build/Products/Debug -no-color-diagnostics -Xcc -fno-color-diagnostics -enable-testing -g -debug-info-format\=dwarf -dwarf-version\=4 -module-cache-path /Users/abhishek/Library/Developer/Xcode/DerivedData/SyncCloud-eokdjqkttymrbxbmziiiwdrfmfai/Build/Intermediates.noindex/SwiftExplicitPrecompiledModules -swift-version 5 -enforce-exclusivity\=checked -Onone -D DEBUG -serialize-debugging-options -const-gather-protocols-file /Users/abhishek/Library/Developer/Xcode/DerivedData/SyncCloud-eokdjqkttymrbxbmziiiwdrfmfai/Build/Intermediates.noindex/SyncCloud.build/Debug/SyncCloud.build/Objects-normal/arm64/SyncCloud_const_extract_protocols.json -enable-experimental-feature DebugDescriptionMacro -enable-bare-slash-regex -empty-abi-descriptor -validate-clang-modules-once -clang-build-session-file /Users/abhishek/Library/Developer/Xcode/DerivedData/ModuleCache.noindex/Session.modulevalidation -Xcc -working-directory -Xcc /Users/abhishek/Projects/vibe-code/SyncCloud -enable-anonymous-context-mangled-names -file-compilation-dir /Users/abhishek/Projects/vibe-code/SyncCloud -Xcc -D_LIBCPP_HARDENING_MODE\=_LIBCPP_HARDENING_MODE_DEBUG -Xcc -ivfsstatcache -Xcc /Users/abhishek/Library/Developer/Xcode/DerivedData/SDKStatCaches.noindex/macosx26.2-25C58-00fa09913b459cbbc988d1f6730289ae.sdkstatcache -Xcc -I/Users/abhishek/Library/Developer/Xcode/DerivedData/SyncCloud-eokdjqkttymrbxbmziiiwdrfmfai/Build/Intermediates.noindex/SyncCloud.build/Debug/SyncCloud.build/swift-overrides.hmap -Xcc -iquote -Xcc /Users/abhishek/Library/Developer/Xcode/DerivedData/SyncCloud-eokdjqkttymrbxbmziiiwdrfmfai/Build/Intermediates.noindex/SyncCloud.build/Debug/SyncCloud.build/SyncCloud-generated-files.hmap -Xcc -I/Users/abhishek/Library/Developer/Xcode/DerivedData/SyncCloud-eokdjqkttymrbxbmziiiwdrfmfai/Build/Intermediates.noindex/SyncCloud.build/Debug/SyncCloud.build/SyncCloud-own-target-headers.hmap -Xcc -I/Users/abhishek/Library/Developer/Xcode/DerivedData/SyncCloud-eokdjqkttymrbxbmziiiwdrfmfai/Build/Intermediates.noindex/SyncCloud.build/Debug/SyncCloud.build/SyncCloud-all-target-headers.hmap -Xcc -iquote -Xcc /Users/abhishek/Library/Developer/Xcode/DerivedData/SyncCloud-eokdjqkttymrbxbmziiiwdrfmfai/Build/Intermediates.noindex/SyncCloud.build/Debug/SyncCloud.build/SyncCloud-project-headers.hmap -Xcc -I/Users/abhishek/Library/Developer/Xcode/DerivedData/SyncCloud-eokdjqkttymrbxbmziiiwdrfmfai/Build/Products/Debug/include -Xcc -I/Users/abhishek/Library/Developer/Xcode/DerivedData/SyncCloud-eokdjqkttymrbxbmziiiwdrfmfai/Build/Intermediates.noindex/SyncCloud.build/Debug/SyncCloud.build/DerivedSources-normal/arm64 -Xcc -I/Users/abhishek/Library/Developer/Xcode/DerivedData/SyncCloud-eokdjqkttymrbxbmziiiwdrfmfai/Build/Intermediates.noindex/SyncCloud.build/Debug/SyncCloud.build/DerivedSources/arm64 -Xcc -I/Users/abhishek/Library/Developer/Xcode/DerivedData/SyncCloud-eokdjqkttymrbxbmziiiwdrfmfai/Build/Intermediates.noindex/SyncCloud.build/Debug/SyncCloud.build/DerivedSources -Xcc -DDEBUG\=1 -no-auto-bridging-header-chaining -module-name SyncCloud -frontend-parseable-output -disable-clang-spi -target-sdk-version 26.2 -target-sdk-name macosx26.2 -clang-target arm64-apple-macos26.2 -in-process-plugin-server-path /Applications/Xcode.app/Contents/Developer/Toolchains/XcodeDefault.xctoolchain/usr/lib/swift/host/libSwiftInProcPluginServer.dylib -o /Users/abhishek/Library/Developer/Xcode/DerivedData/SyncCloud-eokdjqkttymrbxbmziiiwdrfmfai/Build/Intermediates.noindex/SyncCloud.build/Debug/SyncCloud.build/Objects-normal/arm64/ContentView.o -index-unit-output-path /SyncCloud.build/Debug/SyncCloud.build/Objects-normal/arm64/ContentView.o -index-store-path /Users/abhishek/Library/Developer/Xcode/DerivedData/SyncCloud-eokdjqkttymrbxbmziiiwdrfmfai/Index.noindex/DataStore -index-system-modules
SwiftEmitModule normal arm64 Emitting\ module\ for\ SyncCloud (in target 'SyncCloud' from project 'SyncCloud')

EmitSwiftModule normal arm64 (in target 'SyncCloud' from project 'SyncCloud')
    cd /Users/abhishek/Projects/vibe-code/SyncCloud
    

** BUILD FAILED **


The following build commands failed:
	SwiftCompile normal arm64 /Users/abhishek/Projects/vibe-code/SyncCloud/MacApp/ContentView.swift (in target 'SyncCloud' from project 'SyncCloud')
	SwiftCompile normal arm64 Compiling\ ContentView.swift /Users/abhishek/Projects/vibe-code/SyncCloud/MacApp/ContentView.swift (in target 'SyncCloud' from project 'SyncCloud')
	Building project SyncCloud with scheme SyncCloud and configuration Debug
(3 failures)
