Command line invocation:
    /Applications/Xcode.app/Contents/Developer/usr/bin/xcodebuild -project SyncCloud.xcodeproj -scheme SyncCloud -configuration Debug build

2026-03-01 20:07:02.505 xcodebuild[21192:589855] [MT] IDERunDestination: Supported platforms for the buildables in the current scheme is empty.
--- xcodebuild: WARNING: Using the first of multiple matching destinations:
{ platform:macOS, arch:arm64, id:00008132-001224A126D9801C, name:My Mac }
{ platform:macOS, arch:x86_64, id:00008132-001224A126D9801C, name:My Mac }
{ platform:macOS, name:Any Mac }
ComputePackagePrebuildTargetDependencyGraph

Prepare packages

CreateBuildRequest

SendProjectDescription

CreateBuildOperation

ComputeTargetDependencyGraph
note: Building targets in dependency order
note: Target dependency graph (1 target)
    Target 'SyncCloud' in project 'SyncCloud' (no dependencies)

GatherProvisioningInputs

CreateBuildDescription

ExecuteExternalTool /Applications/Xcode.app/Contents/Developer/usr/bin/actool --version --output-format xml1

ExecuteExternalTool /Applications/Xcode.app/Contents/Developer/Toolchains/XcodeDefault.xctoolchain/usr/bin/clang -v -E -dM -isysroot /Applications/Xcode.app/Contents/Developer/Platforms/MacOSX.platform/Developer/SDKs/MacOSX26.2.sdk -x c -c /dev/null

ExecuteExternalTool /Applications/Xcode.app/Contents/Developer/Toolchains/XcodeDefault.xctoolchain/usr/bin/swiftc --version

ExecuteExternalTool /Applications/Xcode.app/Contents/Developer/Toolchains/XcodeDefault.xctoolchain/usr/bin/ld -version_details

Build description signature: e95538ab1a9f37d235ccc206c411380c
Build description path: /Users/abhishek/Library/Developer/Xcode/DerivedData/SyncCloud-eokdjqkttymrbxbmziiiwdrfmfai/Build/Intermediates.noindex/XCBuildData/e95538ab1a9f37d235ccc206c411380c.xcbuilddata
ClangStatCache /Applications/Xcode.app/Contents/Developer/Toolchains/XcodeDefault.xctoolchain/usr/bin/clang-stat-cache /Applications/Xcode.app/Contents/Developer/Platforms/MacOSX.platform/Developer/SDKs/MacOSX26.2.sdk /Users/abhishek/Library/Developer/Xcode/DerivedData/SDKStatCaches.noindex/macosx26.2-25C58-00fa09913b459cbbc988d1f6730289ae.sdkstatcache
    cd /Users/abhishek/Projects/vibe-code/SyncCloud/SyncCloud.xcodeproj
    /Applications/Xcode.app/Contents/Developer/Toolchains/XcodeDefault.xctoolchain/usr/bin/clang-stat-cache /Applications/Xcode.app/Contents/Developer/Platforms/MacOSX.platform/Developer/SDKs/MacOSX26.2.sdk -o /Users/abhishek/Library/Developer/Xcode/DerivedData/SDKStatCaches.noindex/macosx26.2-25C58-00fa09913b459cbbc988d1f6730289ae.sdkstatcache

CreateBuildDirectory /Users/abhishek/Library/Developer/Xcode/DerivedData/SyncCloud-eokdjqkttymrbxbmziiiwdrfmfai/Build/Intermediates.noindex
    cd /Users/abhishek/Projects/vibe-code/SyncCloud/SyncCloud.xcodeproj
    builtin-create-build-directory /Users/abhishek/Library/Developer/Xcode/DerivedData/SyncCloud-eokdjqkttymrbxbmziiiwdrfmfai/Build/Intermediates.noindex

CreateBuildDirectory /Users/abhishek/Library/Developer/Xcode/DerivedData/SyncCloud-eokdjqkttymrbxbmziiiwdrfmfai/Build/Products
    cd /Users/abhishek/Projects/vibe-code/SyncCloud/SyncCloud.xcodeproj
    builtin-create-build-directory /Users/abhishek/Library/Developer/Xcode/DerivedData/SyncCloud-eokdjqkttymrbxbmziiiwdrfmfai/Build/Products

CreateBuildDirectory /Users/abhishek/Library/Developer/Xcode/DerivedData/SyncCloud-eokdjqkttymrbxbmziiiwdrfmfai/Build/Intermediates.noindex/SwiftExplicitPrecompiledModules
    cd /Users/abhishek/Projects/vibe-code/SyncCloud/SyncCloud.xcodeproj
    builtin-create-build-directory /Users/abhishek/Library/Developer/Xcode/DerivedData/SyncCloud-eokdjqkttymrbxbmziiiwdrfmfai/Build/Intermediates.noindex/SwiftExplicitPrecompiledModules

CreateBuildDirectory /Users/abhishek/Library/Developer/Xcode/DerivedData/SyncCloud-eokdjqkttymrbxbmziiiwdrfmfai/Build/Intermediates.noindex/ExplicitPrecompiledModules
    cd /Users/abhishek/Projects/vibe-code/SyncCloud/SyncCloud.xcodeproj
    builtin-create-build-directory /Users/abhishek/Library/Developer/Xcode/DerivedData/SyncCloud-eokdjqkttymrbxbmziiiwdrfmfai/Build/Intermediates.noindex/ExplicitPrecompiledModules

CreateBuildDirectory /Users/abhishek/Library/Developer/Xcode/DerivedData/SyncCloud-eokdjqkttymrbxbmziiiwdrfmfai/Build/Intermediates.noindex/EagerLinkingTBDs/Debug
    cd /Users/abhishek/Projects/vibe-code/SyncCloud/SyncCloud.xcodeproj
    builtin-create-build-directory /Users/abhishek/Library/Developer/Xcode/DerivedData/SyncCloud-eokdjqkttymrbxbmziiiwdrfmfai/Build/Intermediates.noindex/EagerLinkingTBDs/Debug

WriteAuxiliaryFile /Users/abhishek/Library/Developer/Xcode/DerivedData/SyncCloud-eokdjqkttymrbxbmziiiwdrfmfai/Build/Intermediates.noindex/SyncCloud.build/Debug/SyncCloud-77408c19d94d45445c07fe5737b57bcf-VFS/all-product-headers.yaml
    cd /Users/abhishek/Projects/vibe-code/SyncCloud/SyncCloud.xcodeproj
    write-file /Users/abhishek/Library/Developer/Xcode/DerivedData/SyncCloud-eokdjqkttymrbxbmziiiwdrfmfai/Build/Intermediates.noindex/SyncCloud.build/Debug/SyncCloud-77408c19d94d45445c07fe5737b57bcf-VFS/all-product-headers.yaml

CreateBuildDirectory /Users/abhishek/Library/Developer/Xcode/DerivedData/SyncCloud-eokdjqkttymrbxbmziiiwdrfmfai/Build/Products/Debug
    cd /Users/abhishek/Projects/vibe-code/SyncCloud/SyncCloud.xcodeproj
    builtin-create-build-directory /Users/abhishek/Library/Developer/Xcode/DerivedData/SyncCloud-eokdjqkttymrbxbmziiiwdrfmfai/Build/Products/Debug

WriteAuxiliaryFile /Users/abhishek/Library/Developer/Xcode/DerivedData/SyncCloud-eokdjqkttymrbxbmziiiwdrfmfai/Build/Intermediates.noindex/SyncCloud.build/Debug/SyncCloud.build/SyncCloud-own-target-headers.hmap (in target 'SyncCloud' from project 'SyncCloud')
    cd /Users/abhishek/Projects/vibe-code/SyncCloud
    write-file /Users/abhishek/Library/Developer/Xcode/DerivedData/SyncCloud-eokdjqkttymrbxbmziiiwdrfmfai/Build/Intermediates.noindex/SyncCloud.build/Debug/SyncCloud.build/SyncCloud-own-target-headers.hmap

WriteAuxiliaryFile /Users/abhishek/Library/Developer/Xcode/DerivedData/SyncCloud-eokdjqkttymrbxbmziiiwdrfmfai/Build/Intermediates.noindex/SyncCloud.build/Debug/SyncCloud.build/SyncCloud-project-headers.hmap (in target 'SyncCloud' from project 'SyncCloud')
    cd /Users/abhishek/Projects/vibe-code/SyncCloud
    write-file /Users/abhishek/Library/Developer/Xcode/DerivedData/SyncCloud-eokdjqkttymrbxbmziiiwdrfmfai/Build/Intermediates.noindex/SyncCloud.build/Debug/SyncCloud.build/SyncCloud-project-headers.hmap

WriteAuxiliaryFile /Users/abhishek/Library/Developer/Xcode/DerivedData/SyncCloud-eokdjqkttymrbxbmziiiwdrfmfai/Build/Intermediates.noindex/SyncCloud.build/Debug/SyncCloud.build/SyncCloud-generated-files.hmap (in target 'SyncCloud' from project 'SyncCloud')
    cd /Users/abhishek/Projects/vibe-code/SyncCloud
    write-file /Users/abhishek/Library/Developer/Xcode/DerivedData/SyncCloud-eokdjqkttymrbxbmziiiwdrfmfai/Build/Intermediates.noindex/SyncCloud.build/Debug/SyncCloud.build/SyncCloud-generated-files.hmap

WriteAuxiliaryFile /Users/abhishek/Library/Developer/Xcode/DerivedData/SyncCloud-eokdjqkttymrbxbmziiiwdrfmfai/Build/Intermediates.noindex/SyncCloud.build/Debug/SyncCloud.build/SyncCloud-all-target-headers.hmap (in target 'SyncCloud' from project 'SyncCloud')
    cd /Users/abhishek/Projects/vibe-code/SyncCloud
    write-file /Users/abhishek/Library/Developer/Xcode/DerivedData/SyncCloud-eokdjqkttymrbxbmziiiwdrfmfai/Build/Intermediates.noindex/SyncCloud.build/Debug/SyncCloud.build/SyncCloud-all-target-headers.hmap

WriteAuxiliaryFile /Users/abhishek/Library/Developer/Xcode/DerivedData/SyncCloud-eokdjqkttymrbxbmziiiwdrfmfai/Build/Intermediates.noindex/SyncCloud.build/Debug/SyncCloud.build/SyncCloud.hmap (in target 'SyncCloud' from project 'SyncCloud')
    cd /Users/abhishek/Projects/vibe-code/SyncCloud
    write-file /Users/abhishek/Library/Developer/Xcode/DerivedData/SyncCloud-eokdjqkttymrbxbmziiiwdrfmfai/Build/Intermediates.noindex/SyncCloud.build/Debug/SyncCloud.build/SyncCloud.hmap

WriteAuxiliaryFile /Users/abhishek/Library/Developer/Xcode/DerivedData/SyncCloud-eokdjqkttymrbxbmziiiwdrfmfai/Build/Intermediates.noindex/SyncCloud.build/Debug/SyncCloud.build/SyncCloud.DependencyStaticMetadataFileList (in target 'SyncCloud' from project 'SyncCloud')
    cd /Users/abhishek/Projects/vibe-code/SyncCloud
    write-file /Users/abhishek/Library/Developer/Xcode/DerivedData/SyncCloud-eokdjqkttymrbxbmziiiwdrfmfai/Build/Intermediates.noindex/SyncCloud.build/Debug/SyncCloud.build/SyncCloud.DependencyStaticMetadataFileList

WriteAuxiliaryFile /Users/abhishek/Library/Developer/Xcode/DerivedData/SyncCloud-eokdjqkttymrbxbmziiiwdrfmfai/Build/Intermediates.noindex/SyncCloud.build/Debug/SyncCloud.build/SyncCloud.DependencyMetadataFileList (in target 'SyncCloud' from project 'SyncCloud')
    cd /Users/abhishek/Projects/vibe-code/SyncCloud
    write-file /Users/abhishek/Library/Developer/Xcode/DerivedData/SyncCloud-eokdjqkttymrbxbmziiiwdrfmfai/Build/Intermediates.noindex/SyncCloud.build/Debug/SyncCloud.build/SyncCloud.DependencyMetadataFileList

WriteAuxiliaryFile /Users/abhishek/Library/Developer/Xcode/DerivedData/SyncCloud-eokdjqkttymrbxbmziiiwdrfmfai/Build/Intermediates.noindex/SyncCloud.build/Debug/SyncCloud.build/SyncCloud-all-non-framework-target-headers.hmap (in target 'SyncCloud' from project 'SyncCloud')
    cd /Users/abhishek/Projects/vibe-code/SyncCloud
    write-file /Users/abhishek/Library/Developer/Xcode/DerivedData/SyncCloud-eokdjqkttymrbxbmziiiwdrfmfai/Build/Intermediates.noindex/SyncCloud.build/Debug/SyncCloud.build/SyncCloud-all-non-framework-target-headers.hmap

WriteAuxiliaryFile /Users/abhishek/Library/Developer/Xcode/DerivedData/SyncCloud-eokdjqkttymrbxbmziiiwdrfmfai/Build/Intermediates.noindex/SyncCloud.build/Debug/SyncCloud.build/SyncCloud-DebugDylibPath-normal-arm64.txt (in target 'SyncCloud' from project 'SyncCloud')
    cd /Users/abhishek/Projects/vibe-code/SyncCloud
    write-file /Users/abhishek/Library/Developer/Xcode/DerivedData/SyncCloud-eokdjqkttymrbxbmziiiwdrfmfai/Build/Intermediates.noindex/SyncCloud.build/Debug/SyncCloud.build/SyncCloud-DebugDylibPath-normal-arm64.txt

WriteAuxiliaryFile /Users/abhishek/Library/Developer/Xcode/DerivedData/SyncCloud-eokdjqkttymrbxbmziiiwdrfmfai/Build/Intermediates.noindex/SyncCloud.build/Debug/SyncCloud.build/SyncCloud-DebugDylibInstallName-normal-arm64.txt (in target 'SyncCloud' from project 'SyncCloud')
    cd /Users/abhishek/Projects/vibe-code/SyncCloud
    write-file /Users/abhishek/Library/Developer/Xcode/DerivedData/SyncCloud-eokdjqkttymrbxbmziiiwdrfmfai/Build/Intermediates.noindex/SyncCloud.build/Debug/SyncCloud.build/SyncCloud-DebugDylibInstallName-normal-arm64.txt

WriteAuxiliaryFile /Users/abhishek/Library/Developer/Xcode/DerivedData/SyncCloud-eokdjqkttymrbxbmziiiwdrfmfai/Build/Intermediates.noindex/SyncCloud.build/Debug/SyncCloud.build/Objects-normal/arm64/SyncCloud.SwiftFileList (in target 'SyncCloud' from project 'SyncCloud')
    cd /Users/abhishek/Projects/vibe-code/SyncCloud
    write-file /Users/abhishek/Library/Developer/Xcode/DerivedData/SyncCloud-eokdjqkttymrbxbmziiiwdrfmfai/Build/Intermediates.noindex/SyncCloud.build/Debug/SyncCloud.build/Objects-normal/arm64/SyncCloud.SwiftFileList

WriteAuxiliaryFile /Users/abhishek/Library/Developer/Xcode/DerivedData/SyncCloud-eokdjqkttymrbxbmziiiwdrfmfai/Build/Intermediates.noindex/SyncCloud.build/Debug/SyncCloud.build/Objects-normal/arm64/SyncCloud.SwiftConstValuesFileList (in target 'SyncCloud' from project 'SyncCloud')
    cd /Users/abhishek/Projects/vibe-code/SyncCloud
    write-file /Users/abhishek/Library/Developer/Xcode/DerivedData/SyncCloud-eokdjqkttymrbxbmziiiwdrfmfai/Build/Intermediates.noindex/SyncCloud.build/Debug/SyncCloud.build/Objects-normal/arm64/SyncCloud.SwiftConstValuesFileList

WriteAuxiliaryFile /Users/abhishek/Library/Developer/Xcode/DerivedData/SyncCloud-eokdjqkttymrbxbmziiiwdrfmfai/Build/Intermediates.noindex/SyncCloud.build/Debug/SyncCloud.build/Objects-normal/arm64/SyncCloud_const_extract_protocols.json (in target 'SyncCloud' from project 'SyncCloud')
    cd /Users/abhishek/Projects/vibe-code/SyncCloud
    write-file /Users/abhishek/Library/Developer/Xcode/DerivedData/SyncCloud-eokdjqkttymrbxbmziiiwdrfmfai/Build/Intermediates.noindex/SyncCloud.build/Debug/SyncCloud.build/Objects-normal/arm64/SyncCloud_const_extract_protocols.json

WriteAuxiliaryFile /Users/abhishek/Library/Developer/Xcode/DerivedData/SyncCloud-eokdjqkttymrbxbmziiiwdrfmfai/Build/Intermediates.noindex/SyncCloud.build/Debug/SyncCloud.build/Objects-normal/arm64/SyncCloud.LinkFileList (in target 'SyncCloud' from project 'SyncCloud')
    cd /Users/abhishek/Projects/vibe-code/SyncCloud
    write-file /Users/abhishek/Library/Developer/Xcode/DerivedData/SyncCloud-eokdjqkttymrbxbmziiiwdrfmfai/Build/Intermediates.noindex/SyncCloud.build/Debug/SyncCloud.build/Objects-normal/arm64/SyncCloud.LinkFileList

WriteAuxiliaryFile /Users/abhishek/Library/Developer/Xcode/DerivedData/SyncCloud-eokdjqkttymrbxbmziiiwdrfmfai/Build/Intermediates.noindex/SyncCloud.build/Debug/SyncCloud.build/Objects-normal/arm64/SyncCloud-OutputFileMap.json (in target 'SyncCloud' from project 'SyncCloud')
    cd /Users/abhishek/Projects/vibe-code/SyncCloud
    write-file /Users/abhishek/Library/Developer/Xcode/DerivedData/SyncCloud-eokdjqkttymrbxbmziiiwdrfmfai/Build/Intermediates.noindex/SyncCloud.build/Debug/SyncCloud.build/Objects-normal/arm64/SyncCloud-OutputFileMap.json

WriteAuxiliaryFile /Users/abhishek/Library/Developer/Xcode/DerivedData/SyncCloud-eokdjqkttymrbxbmziiiwdrfmfai/Build/Intermediates.noindex/SyncCloud.build/Debug/SyncCloud.build/DerivedSources/Entitlements.plist (in target 'SyncCloud' from project 'SyncCloud')
    cd /Users/abhishek/Projects/vibe-code/SyncCloud
    write-file /Users/abhishek/Library/Developer/Xcode/DerivedData/SyncCloud-eokdjqkttymrbxbmziiiwdrfmfai/Build/Intermediates.noindex/SyncCloud.build/Debug/SyncCloud.build/DerivedSources/Entitlements.plist

MkDir /Users/abhishek/Library/Developer/Xcode/DerivedData/SyncCloud-eokdjqkttymrbxbmziiiwdrfmfai/Build/Products/Debug/SyncCloud.app/Contents/MacOS (in target 'SyncCloud' from project 'SyncCloud')
    cd /Users/abhishek/Projects/vibe-code/SyncCloud
    /bin/mkdir -p /Users/abhishek/Library/Developer/Xcode/DerivedData/SyncCloud-eokdjqkttymrbxbmziiiwdrfmfai/Build/Products/Debug/SyncCloud.app/Contents/MacOS

MkDir /Users/abhishek/Library/Developer/Xcode/DerivedData/SyncCloud-eokdjqkttymrbxbmziiiwdrfmfai/Build/Products/Debug/SyncCloud.app/Contents/Resources (in target 'SyncCloud' from project 'SyncCloud')
    cd /Users/abhishek/Projects/vibe-code/SyncCloud
    /bin/mkdir -p /Users/abhishek/Library/Developer/Xcode/DerivedData/SyncCloud-eokdjqkttymrbxbmziiiwdrfmfai/Build/Products/Debug/SyncCloud.app/Contents/Resources

MkDir /Users/abhishek/Library/Developer/Xcode/DerivedData/SyncCloud-eokdjqkttymrbxbmziiiwdrfmfai/Build/Products/Debug/SyncCloud.app/Contents (in target 'SyncCloud' from project 'SyncCloud')
    cd /Users/abhishek/Projects/vibe-code/SyncCloud
    /bin/mkdir -p /Users/abhishek/Library/Developer/Xcode/DerivedData/SyncCloud-eokdjqkttymrbxbmziiiwdrfmfai/Build/Products/Debug/SyncCloud.app/Contents

MkDir /Users/abhishek/Library/Developer/Xcode/DerivedData/SyncCloud-eokdjqkttymrbxbmziiiwdrfmfai/Build/Products/Debug/SyncCloud.app (in target 'SyncCloud' from project 'SyncCloud')
    cd /Users/abhishek/Projects/vibe-code/SyncCloud
    /bin/mkdir -p /Users/abhishek/Library/Developer/Xcode/DerivedData/SyncCloud-eokdjqkttymrbxbmziiiwdrfmfai/Build/Products/Debug/SyncCloud.app

ProcessProductPackaging /Users/abhishek/Projects/vibe-code/SyncCloud/MacApp/Entitlements.plist /Users/abhishek/Library/Developer/Xcode/DerivedData/SyncCloud-eokdjqkttymrbxbmziiiwdrfmfai/Build/Intermediates.noindex/SyncCloud.build/Debug/SyncCloud.build/SyncCloud.app.xcent (in target 'SyncCloud' from project 'SyncCloud')
    cd /Users/abhishek/Projects/vibe-code/SyncCloud
    
    Entitlements:
    
    {
    "com.apple.security.app-sandbox" = 1;
    "com.apple.security.files.downloads.read-write" = 1;
    "com.apple.security.files.user-selected.read-only" = 1;
    "com.apple.security.files.user-selected.read-write" = 1;
    "com.apple.security.get-task-allow" = 1;
}
    
    builtin-productPackagingUtility /Users/abhishek/Projects/vibe-code/SyncCloud/MacApp/Entitlements.plist -entitlements -format xml -o /Users/abhishek/Library/Developer/Xcode/DerivedData/SyncCloud-eokdjqkttymrbxbmziiiwdrfmfai/Build/Intermediates.noindex/SyncCloud.build/Debug/SyncCloud.build/SyncCloud.app.xcent

ProcessProductPackagingDER /Users/abhishek/Library/Developer/Xcode/DerivedData/SyncCloud-eokdjqkttymrbxbmziiiwdrfmfai/Build/Intermediates.noindex/SyncCloud.build/Debug/SyncCloud.build/SyncCloud.app.xcent /Users/abhishek/Library/Developer/Xcode/DerivedData/SyncCloud-eokdjqkttymrbxbmziiiwdrfmfai/Build/Intermediates.noindex/SyncCloud.build/Debug/SyncCloud.build/SyncCloud.app.xcent.der (in target 'SyncCloud' from project 'SyncCloud')
    cd /Users/abhishek/Projects/vibe-code/SyncCloud
    /usr/bin/derq query -f xml -i /Users/abhishek/Library/Developer/Xcode/DerivedData/SyncCloud-eokdjqkttymrbxbmziiiwdrfmfai/Build/Intermediates.noindex/SyncCloud.build/Debug/SyncCloud.build/SyncCloud.app.xcent -o /Users/abhishek/Library/Developer/Xcode/DerivedData/SyncCloud-eokdjqkttymrbxbmziiiwdrfmfai/Build/Intermediates.noindex/SyncCloud.build/Debug/SyncCloud.build/SyncCloud.app.xcent.der --raw

Ld /Users/abhishek/Library/Developer/Xcode/DerivedData/SyncCloud-eokdjqkttymrbxbmziiiwdrfmfai/Build/Products/Debug/SyncCloud.app/Contents/MacOS/__preview.dylib normal (in target 'SyncCloud' from project 'SyncCloud')
    cd /Users/abhishek/Projects/vibe-code/SyncCloud
    /Applications/Xcode.app/Contents/Developer/Toolchains/XcodeDefault.xctoolchain/usr/bin/clang -Xlinker -reproducible -target arm64-apple-macos14.0 -dynamiclib -isysroot /Applications/Xcode.app/Contents/Developer/Platforms/MacOSX.platform/Developer/SDKs/MacOSX26.2.sdk -O0 -L/Users/abhishek/Library/Developer/Xcode/DerivedData/SyncCloud-eokdjqkttymrbxbmziiiwdrfmfai/Build/Products/Debug -F/Users/abhishek/Library/Developer/Xcode/DerivedData/SyncCloud-eokdjqkttymrbxbmziiiwdrfmfai/Build/Products/Debug -install_name @rpath/SyncCloud.debug.dylib -rdynamic -Xlinker -no_deduplicate -Xlinker -dependency_info -Xlinker /Users/abhishek/Library/Developer/Xcode/DerivedData/SyncCloud-eokdjqkttymrbxbmziiiwdrfmfai/Build/Intermediates.noindex/SyncCloud.build/Debug/SyncCloud.build/Objects-normal/arm64/SyncCloud_dependency_info.dat -Xlinker -no_adhoc_codesign -o /Users/abhishek/Library/Developer/Xcode/DerivedData/SyncCloud-eokdjqkttymrbxbmziiiwdrfmfai/Build/Products/Debug/SyncCloud.app/Contents/MacOS/__preview.dylib

MkDir /Users/abhishek/Library/Developer/Xcode/DerivedData/SyncCloud-eokdjqkttymrbxbmziiiwdrfmfai/Build/Intermediates.noindex/SyncCloud.build/Debug/SyncCloud.build/assetcatalog_output/thinned (in target 'SyncCloud' from project 'SyncCloud')
    cd /Users/abhishek/Projects/vibe-code/SyncCloud
    /bin/mkdir -p /Users/abhishek/Library/Developer/Xcode/DerivedData/SyncCloud-eokdjqkttymrbxbmziiiwdrfmfai/Build/Intermediates.noindex/SyncCloud.build/Debug/SyncCloud.build/assetcatalog_output/thinned

MkDir /Users/abhishek/Library/Developer/Xcode/DerivedData/SyncCloud-eokdjqkttymrbxbmziiiwdrfmfai/Build/Intermediates.noindex/SyncCloud.build/Debug/SyncCloud.build/assetcatalog_output/unthinned (in target 'SyncCloud' from project 'SyncCloud')
    cd /Users/abhishek/Projects/vibe-code/SyncCloud
    /bin/mkdir -p /Users/abhishek/Library/Developer/Xcode/DerivedData/SyncCloud-eokdjqkttymrbxbmziiiwdrfmfai/Build/Intermediates.noindex/SyncCloud.build/Debug/SyncCloud.build/assetcatalog_output/unthinned

GenerateAssetSymbols /Users/abhishek/Projects/vibe-code/SyncCloud/MacApp/Assets.xcassets (in target 'SyncCloud' from project 'SyncCloud')
    cd /Users/abhishek/Projects/vibe-code/SyncCloud
    /Applications/Xcode.app/Contents/Developer/usr/bin/actool /Users/abhishek/Projects/vibe-code/SyncCloud/MacApp/Assets.xcassets --compile /Users/abhishek/Library/Developer/Xcode/DerivedData/SyncCloud-eokdjqkttymrbxbmziiiwdrfmfai/Build/Products/Debug/SyncCloud.app/Contents/Resources --output-format human-readable-text --notices --warnings --export-dependency-info /Users/abhishek/Library/Developer/Xcode/DerivedData/SyncCloud-eokdjqkttymrbxbmziiiwdrfmfai/Build/Intermediates.noindex/SyncCloud.build/Debug/SyncCloud.build/assetcatalog_dependencies --output-partial-info-plist /Users/abhishek/Library/Developer/Xcode/DerivedData/SyncCloud-eokdjqkttymrbxbmziiiwdrfmfai/Build/Intermediates.noindex/SyncCloud.build/Debug/SyncCloud.build/assetcatalog_generated_info.plist --app-icon AppIcon --accent-color AccentColor --enable-on-demand-resources NO --development-region en --target-device mac --minimum-deployment-target 14.0 --platform macosx --bundle-identifier com.example.SyncCloud --generate-swift-asset-symbol-extensions NO --generate-swift-asset-symbols /Users/abhishek/Library/Developer/Xcode/DerivedData/SyncCloud-eokdjqkttymrbxbmziiiwdrfmfai/Build/Intermediates.noindex/SyncCloud.build/Debug/SyncCloud.build/DerivedSources/GeneratedAssetSymbols.swift --generate-objc-asset-symbols /Users/abhishek/Library/Developer/Xcode/DerivedData/SyncCloud-eokdjqkttymrbxbmziiiwdrfmfai/Build/Intermediates.noindex/SyncCloud.build/Debug/SyncCloud.build/DerivedSources/GeneratedAssetSymbols.h --generate-asset-symbol-index /Users/abhishek/Library/Developer/Xcode/DerivedData/SyncCloud-eokdjqkttymrbxbmziiiwdrfmfai/Build/Intermediates.noindex/SyncCloud.build/Debug/SyncCloud.build/DerivedSources/GeneratedAssetSymbols-Index.plist
/* com.apple.actool.compilation-results */
/Users/abhishek/Library/Developer/Xcode/DerivedData/SyncCloud-eokdjqkttymrbxbmziiiwdrfmfai/Build/Intermediates.noindex/SyncCloud.build/Debug/SyncCloud.build/DerivedSources/GeneratedAssetSymbols-Index.plist
/Users/abhishek/Library/Developer/Xcode/DerivedData/SyncCloud-eokdjqkttymrbxbmziiiwdrfmfai/Build/Intermediates.noindex/SyncCloud.build/Debug/SyncCloud.build/DerivedSources/GeneratedAssetSymbols.h
/Users/abhishek/Library/Developer/Xcode/DerivedData/SyncCloud-eokdjqkttymrbxbmziiiwdrfmfai/Build/Intermediates.noindex/SyncCloud.build/Debug/SyncCloud.build/DerivedSources/GeneratedAssetSymbols.swift


CompileAssetCatalogVariant thinned /Users/abhishek/Library/Developer/Xcode/DerivedData/SyncCloud-eokdjqkttymrbxbmziiiwdrfmfai/Build/Products/Debug/SyncCloud.app/Contents/Resources /Users/abhishek/Projects/vibe-code/SyncCloud/MacApp/Assets.xcassets (in target 'SyncCloud' from project 'SyncCloud')
    cd /Users/abhishek/Projects/vibe-code/SyncCloud
    /Applications/Xcode.app/Contents/Developer/usr/bin/actool /Users/abhishek/Projects/vibe-code/SyncCloud/MacApp/Assets.xcassets --compile /Users/abhishek/Library/Developer/Xcode/DerivedData/SyncCloud-eokdjqkttymrbxbmziiiwdrfmfai/Build/Intermediates.noindex/SyncCloud.build/Debug/SyncCloud.build/assetcatalog_output/thinned --output-format human-readable-text --notices --warnings --export-dependency-info /Users/abhishek/Library/Developer/Xcode/DerivedData/SyncCloud-eokdjqkttymrbxbmziiiwdrfmfai/Build/Intermediates.noindex/SyncCloud.build/Debug/SyncCloud.build/assetcatalog_dependencies_thinned --output-partial-info-plist /Users/abhishek/Library/Developer/Xcode/DerivedData/SyncCloud-eokdjqkttymrbxbmziiiwdrfmfai/Build/Intermediates.noindex/SyncCloud.build/Debug/SyncCloud.build/assetcatalog_generated_info.plist_thinned --app-icon AppIcon --accent-color AccentColor --enable-on-demand-resources NO --development-region en --target-device mac --minimum-deployment-target 14.0 --platform macosx
/* com.apple.actool.notices */
/Users/abhishek/Projects/vibe-code/SyncCloud/MacApp/Assets.xcassets: warning: Accent color ‘AccentColor’ is not present in any asset catalogs.
/* com.apple.actool.compilation-results */
/Users/abhishek/Library/Developer/Xcode/DerivedData/SyncCloud-eokdjqkttymrbxbmziiiwdrfmfai/Build/Intermediates.noindex/SyncCloud.build/Debug/SyncCloud.build/assetcatalog_generated_info.plist_thinned


LinkAssetCatalog /Users/abhishek/Projects/vibe-code/SyncCloud/MacApp/Assets.xcassets (in target 'SyncCloud' from project 'SyncCloud')
    cd /Users/abhishek/Projects/vibe-code/SyncCloud
    builtin-linkAssetCatalog --thinned /Users/abhishek/Library/Developer/Xcode/DerivedData/SyncCloud-eokdjqkttymrbxbmziiiwdrfmfai/Build/Intermediates.noindex/SyncCloud.build/Debug/SyncCloud.build/assetcatalog_output/thinned --thinned-dependencies /Users/abhishek/Library/Developer/Xcode/DerivedData/SyncCloud-eokdjqkttymrbxbmziiiwdrfmfai/Build/Intermediates.noindex/SyncCloud.build/Debug/SyncCloud.build/assetcatalog_dependencies_thinned --thinned-info-plist-content /Users/abhishek/Library/Developer/Xcode/DerivedData/SyncCloud-eokdjqkttymrbxbmziiiwdrfmfai/Build/Intermediates.noindex/SyncCloud.build/Debug/SyncCloud.build/assetcatalog_generated_info.plist_thinned --unthinned /Users/abhishek/Library/Developer/Xcode/DerivedData/SyncCloud-eokdjqkttymrbxbmziiiwdrfmfai/Build/Intermediates.noindex/SyncCloud.build/Debug/SyncCloud.build/assetcatalog_output/unthinned --unthinned-dependencies /Users/abhishek/Library/Developer/Xcode/DerivedData/SyncCloud-eokdjqkttymrbxbmziiiwdrfmfai/Build/Intermediates.noindex/SyncCloud.build/Debug/SyncCloud.build/assetcatalog_dependencies_unthinned --unthinned-info-plist-content /Users/abhishek/Library/Developer/Xcode/DerivedData/SyncCloud-eokdjqkttymrbxbmziiiwdrfmfai/Build/Intermediates.noindex/SyncCloud.build/Debug/SyncCloud.build/assetcatalog_generated_info.plist_unthinned --output /Users/abhishek/Library/Developer/Xcode/DerivedData/SyncCloud-eokdjqkttymrbxbmziiiwdrfmfai/Build/Products/Debug/SyncCloud.app/Contents/Resources --plist-output /Users/abhishek/Library/Developer/Xcode/DerivedData/SyncCloud-eokdjqkttymrbxbmziiiwdrfmfai/Build/Intermediates.noindex/SyncCloud.build/Debug/SyncCloud.build/assetcatalog_generated_info.plist

ProcessInfoPlistFile /Users/abhishek/Library/Developer/Xcode/DerivedData/SyncCloud-eokdjqkttymrbxbmziiiwdrfmfai/Build/Products/Debug/SyncCloud.app/Contents/Info.plist /Users/abhishek/Projects/vibe-code/SyncCloud/MacApp/Info.plist (in target 'SyncCloud' from project 'SyncCloud')
    cd /Users/abhishek/Projects/vibe-code/SyncCloud
    builtin-infoPlistUtility /Users/abhishek/Projects/vibe-code/SyncCloud/MacApp/Info.plist -producttype com.apple.product-type.application -genpkginfo /Users/abhishek/Library/Developer/Xcode/DerivedData/SyncCloud-eokdjqkttymrbxbmziiiwdrfmfai/Build/Products/Debug/SyncCloud.app/Contents/PkgInfo -expandbuildsettings -platform macosx -additionalcontentfile /Users/abhishek/Library/Developer/Xcode/DerivedData/SyncCloud-eokdjqkttymrbxbmziiiwdrfmfai/Build/Intermediates.noindex/SyncCloud.build/Debug/SyncCloud.build/assetcatalog_generated_info.plist -o /Users/abhishek/Library/Developer/Xcode/DerivedData/SyncCloud-eokdjqkttymrbxbmziiiwdrfmfai/Build/Products/Debug/SyncCloud.app/Contents/Info.plist

SwiftDriver SyncCloud normal arm64 com.apple.xcode.tools.swift.compiler (in target 'SyncCloud' from project 'SyncCloud')
    cd /Users/abhishek/Projects/vibe-code/SyncCloud
    builtin-SwiftDriver -- /Applications/Xcode.app/Contents/Developer/Toolchains/XcodeDefault.xctoolchain/usr/bin/swiftc -module-name SyncCloud -Onone -enforce-exclusivity\=checked @/Users/abhishek/Library/Developer/Xcode/DerivedData/SyncCloud-eokdjqkttymrbxbmziiiwdrfmfai/Build/Intermediates.noindex/SyncCloud.build/Debug/SyncCloud.build/Objects-normal/arm64/SyncCloud.SwiftFileList -DDEBUG -enable-bare-slash-regex -enable-experimental-feature DebugDescriptionMacro -sdk /Applications/Xcode.app/Contents/Developer/Platforms/MacOSX.platform/Developer/SDKs/MacOSX26.2.sdk -target arm64-apple-macos14.0 -g -module-cache-path /Users/abhishek/Library/Developer/Xcode/DerivedData/ModuleCache.noindex -Xfrontend -serialize-debugging-options -enable-testing -index-store-path /Users/abhishek/Library/Developer/Xcode/DerivedData/SyncCloud-eokdjqkttymrbxbmziiiwdrfmfai/Index.noindex/DataStore -Xcc -D_LIBCPP_HARDENING_MODE\=_LIBCPP_HARDENING_MODE_DEBUG -swift-version 5 -I /Users/abhishek/Library/Developer/Xcode/DerivedData/SyncCloud-eokdjqkttymrbxbmziiiwdrfmfai/Build/Products/Debug -F /Users/abhishek/Library/Developer/Xcode/DerivedData/SyncCloud-eokdjqkttymrbxbmziiiwdrfmfai/Build/Products/Debug -c -j10 -enable-batch-mode -incremental -Xcc -ivfsstatcache -Xcc /Users/abhishek/Library/Developer/Xcode/DerivedData/SDKStatCaches.noindex/macosx26.2-25C58-00fa09913b459cbbc988d1f6730289ae.sdkstatcache -output-file-map /Users/abhishek/Library/Developer/Xcode/DerivedData/SyncCloud-eokdjqkttymrbxbmziiiwdrfmfai/Build/Intermediates.noindex/SyncCloud.build/Debug/SyncCloud.build/Objects-normal/arm64/SyncCloud-OutputFileMap.json -use-frontend-parseable-output -save-temps -no-color-diagnostics -explicit-module-build -module-cache-path /Users/abhishek/Library/Developer/Xcode/DerivedData/SyncCloud-eokdjqkttymrbxbmziiiwdrfmfai/Build/Intermediates.noindex/SwiftExplicitPrecompiledModules -clang-scanner-module-cache-path /Users/abhishek/Library/Developer/Xcode/DerivedData/ModuleCache.noindex -sdk-module-cache-path /Users/abhishek/Library/Developer/Xcode/DerivedData/ModuleCache.noindex -serialize-diagnostics -emit-dependencies -emit-module -emit-module-path /Users/abhishek/Library/Developer/Xcode/DerivedData/SyncCloud-eokdjqkttymrbxbmziiiwdrfmfai/Build/Intermediates.noindex/SyncCloud.build/Debug/SyncCloud.build/Objects-normal/arm64/SyncCloud.swiftmodule -validate-clang-modules-once -clang-build-session-file /Users/abhishek/Library/Developer/Xcode/DerivedData/ModuleCache.noindex/Session.modulevalidation -Xcc -I/Users/abhishek/Library/Developer/Xcode/DerivedData/SyncCloud-eokdjqkttymrbxbmziiiwdrfmfai/Build/Intermediates.noindex/SyncCloud.build/Debug/SyncCloud.build/swift-overrides.hmap -emit-const-values -Xfrontend -const-gather-protocols-file -Xfrontend /Users/abhishek/Library/Developer/Xcode/DerivedData/SyncCloud-eokdjqkttymrbxbmziiiwdrfmfai/Build/Intermediates.noindex/SyncCloud.build/Debug/SyncCloud.build/Objects-normal/arm64/SyncCloud_const_extract_protocols.json -Xcc -iquote -Xcc /Users/abhishek/Library/Developer/Xcode/DerivedData/SyncCloud-eokdjqkttymrbxbmziiiwdrfmfai/Build/Intermediates.noindex/SyncCloud.build/Debug/SyncCloud.build/SyncCloud-generated-files.hmap -Xcc -I/Users/abhishek/Library/Developer/Xcode/DerivedData/SyncCloud-eokdjqkttymrbxbmziiiwdrfmfai/Build/Intermediates.noindex/SyncCloud.build/Debug/SyncCloud.build/SyncCloud-own-target-headers.hmap -Xcc -I/Users/abhishek/Library/Developer/Xcode/DerivedData/SyncCloud-eokdjqkttymrbxbmziiiwdrfmfai/Build/Intermediates.noindex/SyncCloud.build/Debug/SyncCloud.build/SyncCloud-all-target-headers.hmap -Xcc -iquote -Xcc /Users/abhishek/Library/Developer/Xcode/DerivedData/SyncCloud-eokdjqkttymrbxbmziiiwdrfmfai/Build/Intermediates.noindex/SyncCloud.build/Debug/SyncCloud.build/SyncCloud-project-headers.hmap -Xcc -I/Users/abhishek/Library/Developer/Xcode/DerivedData/SyncCloud-eokdjqkttymrbxbmziiiwdrfmfai/Build/Products/Debug/include -Xcc -I/Users/abhishek/Library/Developer/Xcode/DerivedData/SyncCloud-eokdjqkttymrbxbmziiiwdrfmfai/Build/Intermediates.noindex/SyncCloud.build/Debug/SyncCloud.build/DerivedSources-normal/arm64 -Xcc -I/Users/abhishek/Library/Developer/Xcode/DerivedData/SyncCloud-eokdjqkttymrbxbmziiiwdrfmfai/Build/Intermediates.noindex/SyncCloud.build/Debug/SyncCloud.build/DerivedSources/arm64 -Xcc -I/Users/abhishek/Library/Developer/Xcode/DerivedData/SyncCloud-eokdjqkttymrbxbmziiiwdrfmfai/Build/Intermediates.noindex/SyncCloud.build/Debug/SyncCloud.build/DerivedSources -Xcc -DDEBUG\=1 -emit-objc-header -emit-objc-header-path /Users/abhishek/Library/Developer/Xcode/DerivedData/SyncCloud-eokdjqkttymrbxbmziiiwdrfmfai/Build/Intermediates.noindex/SyncCloud.build/Debug/SyncCloud.build/Objects-normal/arm64/SyncCloud-Swift.h -working-directory /Users/abhishek/Projects/vibe-code/SyncCloud -experimental-emit-module-separately -disable-cmo

SwiftCompile normal arm64 Compiling\ ContentView.swift /Users/abhishek/Projects/vibe-code/SyncCloud/MacApp/ContentView.swift (in target 'SyncCloud' from project 'SyncCloud')

SwiftCompile normal arm64 /Users/abhishek/Projects/vibe-code/SyncCloud/MacApp/ContentView.swift (in target 'SyncCloud' from project 'SyncCloud')
    cd /Users/abhishek/Projects/vibe-code/SyncCloud
    

SwiftCompile normal arm64 Compiling\ CloudProvider.swift /Users/abhishek/Projects/vibe-code/SyncCloud/MacApp/CloudProvider.swift (in target 'SyncCloud' from project 'SyncCloud')

SwiftCompile normal arm64 /Users/abhishek/Projects/vibe-code/SyncCloud/MacApp/CloudProvider.swift (in target 'SyncCloud' from project 'SyncCloud')
    cd /Users/abhishek/Projects/vibe-code/SyncCloud
    

SwiftCompile normal arm64 Compiling\ SettingsManager.swift /Users/abhishek/Projects/vibe-code/SyncCloud/MacApp/SettingsManager.swift (in target 'SyncCloud' from project 'SyncCloud')

SwiftCompile normal arm64 /Users/abhishek/Projects/vibe-code/SyncCloud/MacApp/SettingsManager.swift (in target 'SyncCloud' from project 'SyncCloud')
    cd /Users/abhishek/Projects/vibe-code/SyncCloud
    

SwiftEmitModule normal arm64 Emitting\ module\ for\ SyncCloud (in target 'SyncCloud' from project 'SyncCloud')

EmitSwiftModule normal arm64 (in target 'SyncCloud' from project 'SyncCloud')
    cd /Users/abhishek/Projects/vibe-code/SyncCloud
    

SwiftCompile normal arm64 Compiling\ SyncCloudApp.swift /Users/abhishek/Projects/vibe-code/SyncCloud/MacApp/SyncCloudApp.swift (in target 'SyncCloud' from project 'SyncCloud')

SwiftCompile normal arm64 /Users/abhishek/Projects/vibe-code/SyncCloud/MacApp/SyncCloudApp.swift (in target 'SyncCloud' from project 'SyncCloud')
    cd /Users/abhishek/Projects/vibe-code/SyncCloud
    

SwiftCompile normal arm64 Compiling\ GeneratedAssetSymbols.swift /Users/abhishek/Library/Developer/Xcode/DerivedData/SyncCloud-eokdjqkttymrbxbmziiiwdrfmfai/Build/Intermediates.noindex/SyncCloud.build/Debug/SyncCloud.build/DerivedSources/GeneratedAssetSymbols.swift (in target 'SyncCloud' from project 'SyncCloud')

SwiftCompile normal arm64 /Users/abhishek/Library/Developer/Xcode/DerivedData/SyncCloud-eokdjqkttymrbxbmziiiwdrfmfai/Build/Intermediates.noindex/SyncCloud.build/Debug/SyncCloud.build/DerivedSources/GeneratedAssetSymbols.swift (in target 'SyncCloud' from project 'SyncCloud')
    cd /Users/abhishek/Projects/vibe-code/SyncCloud
    

SwiftCompile normal arm64 Compiling\ SettingsView.swift /Users/abhishek/Projects/vibe-code/SyncCloud/MacApp/SettingsView.swift (in target 'SyncCloud' from project 'SyncCloud')

SwiftCompile normal arm64 /Users/abhishek/Projects/vibe-code/SyncCloud/MacApp/SettingsView.swift (in target 'SyncCloud' from project 'SyncCloud')
    cd /Users/abhishek/Projects/vibe-code/SyncCloud
    

SwiftCompile normal arm64 Compiling\ DocumentSyncManager.swift /Users/abhishek/Projects/vibe-code/SyncCloud/MacApp/DocumentSyncManager.swift (in target 'SyncCloud' from project 'SyncCloud')
Failed frontend command:
/Applications/Xcode.app/Contents/Developer/Toolchains/XcodeDefault.xctoolchain/usr/bin/swift-frontend -frontend -c /Users/abhishek/Projects/vibe-code/SyncCloud/MacApp/CloudProvider.swift /Users/abhishek/Projects/vibe-code/SyncCloud/MacApp/ContentView.swift -primary-file /Users/abhishek/Projects/vibe-code/SyncCloud/MacApp/DocumentSyncManager.swift /Users/abhishek/Projects/vibe-code/SyncCloud/MacApp/SettingsManager.swift /Users/abhishek/Projects/vibe-code/SyncCloud/MacApp/SettingsView.swift /Users/abhishek/Projects/vibe-code/SyncCloud/MacApp/SyncCloudApp.swift /Users/abhishek/Library/Developer/Xcode/DerivedData/SyncCloud-eokdjqkttymrbxbmziiiwdrfmfai/Build/Intermediates.noindex/SyncCloud.build/Debug/SyncCloud.build/DerivedSources/GeneratedAssetSymbols.swift -emit-dependencies-path /Users/abhishek/Library/Developer/Xcode/DerivedData/SyncCloud-eokdjqkttymrbxbmziiiwdrfmfai/Build/Intermediates.noindex/SyncCloud.build/Debug/SyncCloud.build/Objects-normal/arm64/DocumentSyncManager.d -emit-const-values-path /Users/abhishek/Library/Developer/Xcode/DerivedData/SyncCloud-eokdjqkttymrbxbmziiiwdrfmfai/Build/Intermediates.noindex/SyncCloud.build/Debug/SyncCloud.build/Objects-normal/arm64/DocumentSyncManager.swiftconstvalues -emit-reference-dependencies-path /Users/abhishek/Library/Developer/Xcode/DerivedData/SyncCloud-eokdjqkttymrbxbmziiiwdrfmfai/Build/Intermediates.noindex/SyncCloud.build/Debug/SyncCloud.build/Objects-normal/arm64/DocumentSyncManager.swiftdeps -serialize-diagnostics-path /Users/abhishek/Library/Developer/Xcode/DerivedData/SyncCloud-eokdjqkttymrbxbmziiiwdrfmfai/Build/Intermediates.noindex/SyncCloud.build/Debug/SyncCloud.build/Objects-normal/arm64/DocumentSyncManager.dia -target arm64-apple-macos14.0 -module-can-import-version DeveloperToolsSupport 23.0.4 23.0.4 -load-resolved-plugin /Applications/Xcode.app/Contents/Developer/Platforms/MacOSX.platform/Developer/usr/lib/swift/host/plugins/libFoundationMacros.dylib\#/Applications/Xcode.app/Contents/Developer/Platforms/MacOSX.platform/Developer/usr/bin/swift-plugin-server\#FoundationMacros -load-resolved-plugin /Applications/Xcode.app/Contents/Developer/Platforms/MacOSX.platform/Developer/usr/lib/swift/host/plugins/libObservationMacros.dylib\#/Applications/Xcode.app/Contents/Developer/Platforms/MacOSX.platform/Developer/usr/bin/swift-plugin-server\#ObservationMacros -load-resolved-plugin /Applications/Xcode.app/Contents/Developer/Platforms/MacOSX.platform/Developer/usr/lib/swift/host/plugins/libPreviewsMacros.dylib\#/Applications/Xcode.app/Contents/Developer/Platforms/MacOSX.platform/Developer/usr/bin/swift-plugin-server\#PreviewsMacros -load-resolved-plugin /Applications/Xcode.app/Contents/Developer/Platforms/MacOSX.platform/Developer/usr/lib/swift/host/plugins/libSwiftMacros.dylib\#/Applications/Xcode.app/Contents/Developer/Platforms/MacOSX.platform/Developer/usr/bin/swift-plugin-server\#SwiftMacros -load-resolved-plugin /Applications/Xcode.app/Contents/Developer/Platforms/MacOSX.platform/Developer/usr/lib/swift/host/plugins/libSwiftUIMacros.dylib\#/Applications/Xcode.app/Contents/Developer/Platforms/MacOSX.platform/Developer/usr/bin/swift-plugin-server\#SwiftUIMacros -disable-implicit-swift-modules -Xcc -fno-implicit-modules -Xcc -fno-implicit-module-maps -explicit-swift-module-map-file /Users/abhishek/Library/Developer/Xcode/DerivedData/SyncCloud-eokdjqkttymrbxbmziiiwdrfmfai/Build/Intermediates.noindex/SyncCloud.build/Debug/SyncCloud.build/Objects-normal/arm64/SyncCloud-dependencies-1.json -Xllvm -aarch64-use-tbi -enable-objc-interop -stack-check -sdk /Applications/Xcode.app/Contents/Developer/Platforms/MacOSX.platform/Developer/SDKs/MacOSX26.2.sdk -I /Users/abhishek/Library/Developer/Xcode/DerivedData/SyncCloud-eokdjqkttymrbxbmziiiwdrfmfai/Build/Products/Debug -F /Users/abhishek/Library/Developer/Xcode/DerivedData/SyncCloud-eokdjqkttymrbxbmziiiwdrfmfai/Build/Products/Debug -no-color-diagnostics -Xcc -fno-color-diagnostics -enable-testing -g -debug-info-format\=dwarf -dwarf-version\=4 -module-cache-path /Users/abhishek/Library/Developer/Xcode/DerivedData/SyncCloud-eokdjqkttymrbxbmziiiwdrfmfai/Build/Intermediates.noindex/SwiftExplicitPrecompiledModules -swift-version 5 -enforce-exclusivity\=checked -Onone -D DEBUG -serialize-debugging-options -const-gather-protocols-file /Users/abhishek/Library/Developer/Xcode/DerivedData/SyncCloud-eokdjqkttymrbxbmziiiwdrfmfai/Build/Intermediates.noindex/SyncCloud.build/Debug/SyncCloud.build/Objects-normal/arm64/SyncCloud_const_extract_protocols.json -enable-experimental-feature DebugDescriptionMacro -enable-bare-slash-regex -empty-abi-descriptor -validate-clang-modules-once -clang-build-session-file /Users/abhishek/Library/Developer/Xcode/DerivedData/ModuleCache.noindex/Session.modulevalidation -Xcc -working-directory -Xcc /Users/abhishek/Projects/vibe-code/SyncCloud -enable-anonymous-context-mangled-names -file-compilation-dir /Users/abhishek/Projects/vibe-code/SyncCloud -Xcc -D_LIBCPP_HARDENING_MODE\=_LIBCPP_HARDENING_MODE_DEBUG -Xcc -ivfsstatcache -Xcc /Users/abhishek/Library/Developer/Xcode/DerivedData/SDKStatCaches.noindex/macosx26.2-25C58-00fa09913b459cbbc988d1f6730289ae.sdkstatcache -Xcc -I/Users/abhishek/Library/Developer/Xcode/DerivedData/SyncCloud-eokdjqkttymrbxbmziiiwdrfmfai/Build/Intermediates.noindex/SyncCloud.build/Debug/SyncCloud.build/swift-overrides.hmap -Xcc -iquote -Xcc /Users/abhishek/Library/Developer/Xcode/DerivedData/SyncCloud-eokdjqkttymrbxbmziiiwdrfmfai/Build/Intermediates.noindex/SyncCloud.build/Debug/SyncCloud.build/SyncCloud-generated-files.hmap -Xcc -I/Users/abhishek/Library/Developer/Xcode/DerivedData/SyncCloud-eokdjqkttymrbxbmziiiwdrfmfai/Build/Intermediates.noindex/SyncCloud.build/Debug/SyncCloud.build/SyncCloud-own-target-headers.hmap -Xcc -I/Users/abhishek/Library/Developer/Xcode/DerivedData/SyncCloud-eokdjqkttymrbxbmziiiwdrfmfai/Build/Intermediates.noindex/SyncCloud.build/Debug/SyncCloud.build/SyncCloud-all-target-headers.hmap -Xcc -iquote -Xcc /Users/abhishek/Library/Developer/Xcode/DerivedData/SyncCloud-eokdjqkttymrbxbmziiiwdrfmfai/Build/Intermediates.noindex/SyncCloud.build/Debug/SyncCloud.build/SyncCloud-project-headers.hmap -Xcc -I/Users/abhishek/Library/Developer/Xcode/DerivedData/SyncCloud-eokdjqkttymrbxbmziiiwdrfmfai/Build/Products/Debug/include -Xcc -I/Users/abhishek/Library/Developer/Xcode/DerivedData/SyncCloud-eokdjqkttymrbxbmziiiwdrfmfai/Build/Intermediates.noindex/SyncCloud.build/Debug/SyncCloud.build/DerivedSources-normal/arm64 -Xcc -I/Users/abhishek/Library/Developer/Xcode/DerivedData/SyncCloud-eokdjqkttymrbxbmziiiwdrfmfai/Build/Intermediates.noindex/SyncCloud.build/Debug/SyncCloud.build/DerivedSources/arm64 -Xcc -I/Users/abhishek/Library/Developer/Xcode/DerivedData/SyncCloud-eokdjqkttymrbxbmziiiwdrfmfai/Build/Intermediates.noindex/SyncCloud.build/Debug/SyncCloud.build/DerivedSources -Xcc -DDEBUG\=1 -no-auto-bridging-header-chaining -module-name SyncCloud -frontend-parseable-output -disable-clang-spi -target-sdk-version 26.2 -target-sdk-name macosx26.2 -clang-target arm64-apple-macos26.2 -in-process-plugin-server-path /Applications/Xcode.app/Contents/Developer/Toolchains/XcodeDefault.xctoolchain/usr/lib/swift/host/libSwiftInProcPluginServer.dylib -o /Users/abhishek/Library/Developer/Xcode/DerivedData/SyncCloud-eokdjqkttymrbxbmziiiwdrfmfai/Build/Intermediates.noindex/SyncCloud.build/Debug/SyncCloud.build/Objects-normal/arm64/DocumentSyncManager.o -index-unit-output-path /SyncCloud.build/Debug/SyncCloud.build/Objects-normal/arm64/DocumentSyncManager.o -index-store-path /Users/abhishek/Library/Developer/Xcode/DerivedData/SyncCloud-eokdjqkttymrbxbmziiiwdrfmfai/Index.noindex/DataStore -index-system-modules

SwiftCompile normal arm64 /Users/abhishek/Projects/vibe-code/SyncCloud/MacApp/DocumentSyncManager.swift (in target 'SyncCloud' from project 'SyncCloud')
    cd /Users/abhishek/Projects/vibe-code/SyncCloud
    
/Users/abhishek/Projects/vibe-code/SyncCloud/MacApp/DocumentSyncManager.swift:118:64: error: value of type 'CloudProvider' has no member 'rawValue'
                                        description: "\(source.rawValue) file is newer"
                                                        ~~~~~~ ^~~~~~~~
/Users/abhishek/Projects/vibe-code/SyncCloud/MacApp/DocumentSyncManager.swift:86:30: warning: no 'async' operations occur within 'await' expression
        let newDifferences = await Task.detached(priority: .userInitiated) { () -> [FileDifference] in
                             ^

SwiftDriverJobDiscovery normal arm64 Emitting module for SyncCloud (in target 'SyncCloud' from project 'SyncCloud')

SwiftDriver\ Compilation\ Requirements SyncCloud normal arm64 com.apple.xcode.tools.swift.compiler (in target 'SyncCloud' from project 'SyncCloud')
    cd /Users/abhishek/Projects/vibe-code/SyncCloud
    builtin-Swift-Compilation-Requirements -- /Applications/Xcode.app/Contents/Developer/Toolchains/XcodeDefault.xctoolchain/usr/bin/swiftc -module-name SyncCloud -Onone -enforce-exclusivity\=checked @/Users/abhishek/Library/Developer/Xcode/DerivedData/SyncCloud-eokdjqkttymrbxbmziiiwdrfmfai/Build/Intermediates.noindex/SyncCloud.build/Debug/SyncCloud.build/Objects-normal/arm64/SyncCloud.SwiftFileList -DDEBUG -enable-bare-slash-regex -enable-experimental-feature DebugDescriptionMacro -sdk /Applications/Xcode.app/Contents/Developer/Platforms/MacOSX.platform/Developer/SDKs/MacOSX26.2.sdk -target arm64-apple-macos14.0 -g -module-cache-path /Users/abhishek/Library/Developer/Xcode/DerivedData/ModuleCache.noindex -Xfrontend -serialize-debugging-options -enable-testing -index-store-path /Users/abhishek/Library/Developer/Xcode/DerivedData/SyncCloud-eokdjqkttymrbxbmziiiwdrfmfai/Index.noindex/DataStore -Xcc -D_LIBCPP_HARDENING_MODE\=_LIBCPP_HARDENING_MODE_DEBUG -swift-version 5 -I /Users/abhishek/Library/Developer/Xcode/DerivedData/SyncCloud-eokdjqkttymrbxbmziiiwdrfmfai/Build/Products/Debug -F /Users/abhishek/Library/Developer/Xcode/DerivedData/SyncCloud-eokdjqkttymrbxbmziiiwdrfmfai/Build/Products/Debug -c -j10 -enable-batch-mode -incremental -Xcc -ivfsstatcache -Xcc /Users/abhishek/Library/Developer/Xcode/DerivedData/SDKStatCaches.noindex/macosx26.2-25C58-00fa09913b459cbbc988d1f6730289ae.sdkstatcache -output-file-map /Users/abhishek/Library/Developer/Xcode/DerivedData/SyncCloud-eokdjqkttymrbxbmziiiwdrfmfai/Build/Intermediates.noindex/SyncCloud.build/Debug/SyncCloud.build/Objects-normal/arm64/SyncCloud-OutputFileMap.json -use-frontend-parseable-output -save-temps -no-color-diagnostics -explicit-module-build -module-cache-path /Users/abhishek/Library/Developer/Xcode/DerivedData/SyncCloud-eokdjqkttymrbxbmziiiwdrfmfai/Build/Intermediates.noindex/SwiftExplicitPrecompiledModules -clang-scanner-module-cache-path /Users/abhishek/Library/Developer/Xcode/DerivedData/ModuleCache.noindex -sdk-module-cache-path /Users/abhishek/Library/Developer/Xcode/DerivedData/ModuleCache.noindex -serialize-diagnostics -emit-dependencies -emit-module -emit-module-path /Users/abhishek/Library/Developer/Xcode/DerivedData/SyncCloud-eokdjqkttymrbxbmziiiwdrfmfai/Build/Intermediates.noindex/SyncCloud.build/Debug/SyncCloud.build/Objects-normal/arm64/SyncCloud.swiftmodule -validate-clang-modules-once -clang-build-session-file /Users/abhishek/Library/Developer/Xcode/DerivedData/ModuleCache.noindex/Session.modulevalidation -Xcc -I/Users/abhishek/Library/Developer/Xcode/DerivedData/SyncCloud-eokdjqkttymrbxbmziiiwdrfmfai/Build/Intermediates.noindex/SyncCloud.build/Debug/SyncCloud.build/swift-overrides.hmap -emit-const-values -Xfrontend -const-gather-protocols-file -Xfrontend /Users/abhishek/Library/Developer/Xcode/DerivedData/SyncCloud-eokdjqkttymrbxbmziiiwdrfmfai/Build/Intermediates.noindex/SyncCloud.build/Debug/SyncCloud.build/Objects-normal/arm64/SyncCloud_const_extract_protocols.json -Xcc -iquote -Xcc /Users/abhishek/Library/Developer/Xcode/DerivedData/SyncCloud-eokdjqkttymrbxbmziiiwdrfmfai/Build/Intermediates.noindex/SyncCloud.build/Debug/SyncCloud.build/SyncCloud-generated-files.hmap -Xcc -I/Users/abhishek/Library/Developer/Xcode/DerivedData/SyncCloud-eokdjqkttymrbxbmziiiwdrfmfai/Build/Intermediates.noindex/SyncCloud.build/Debug/SyncCloud.build/SyncCloud-own-target-headers.hmap -Xcc -I/Users/abhishek/Library/Developer/Xcode/DerivedData/SyncCloud-eokdjqkttymrbxbmziiiwdrfmfai/Build/Intermediates.noindex/SyncCloud.build/Debug/SyncCloud.build/SyncCloud-all-target-headers.hmap -Xcc -iquote -Xcc /Users/abhishek/Library/Developer/Xcode/DerivedData/SyncCloud-eokdjqkttymrbxbmziiiwdrfmfai/Build/Intermediates.noindex/SyncCloud.build/Debug/SyncCloud.build/SyncCloud-project-headers.hmap -Xcc -I/Users/abhishek/Library/Developer/Xcode/DerivedData/SyncCloud-eokdjqkttymrbxbmziiiwdrfmfai/Build/Products/Debug/include -Xcc -I/Users/abhishek/Library/Developer/Xcode/DerivedData/SyncCloud-eokdjqkttymrbxbmziiiwdrfmfai/Build/Intermediates.noindex/SyncCloud.build/Debug/SyncCloud.build/DerivedSources-normal/arm64 -Xcc -I/Users/abhishek/Library/Developer/Xcode/DerivedData/SyncCloud-eokdjqkttymrbxbmziiiwdrfmfai/Build/Intermediates.noindex/SyncCloud.build/Debug/SyncCloud.build/DerivedSources/arm64 -Xcc -I/Users/abhishek/Library/Developer/Xcode/DerivedData/SyncCloud-eokdjqkttymrbxbmziiiwdrfmfai/Build/Intermediates.noindex/SyncCloud.build/Debug/SyncCloud.build/DerivedSources -Xcc -DDEBUG\=1 -emit-objc-header -emit-objc-header-path /Users/abhishek/Library/Developer/Xcode/DerivedData/SyncCloud-eokdjqkttymrbxbmziiiwdrfmfai/Build/Intermediates.noindex/SyncCloud.build/Debug/SyncCloud.build/Objects-normal/arm64/SyncCloud-Swift.h -working-directory /Users/abhishek/Projects/vibe-code/SyncCloud -experimental-emit-module-separately -disable-cmo

SwiftMergeGeneratedHeaders /Users/abhishek/Library/Developer/Xcode/DerivedData/SyncCloud-eokdjqkttymrbxbmziiiwdrfmfai/Build/Intermediates.noindex/SyncCloud.build/Debug/SyncCloud.build/DerivedSources/SyncCloud-Swift.h /Users/abhishek/Library/Developer/Xcode/DerivedData/SyncCloud-eokdjqkttymrbxbmziiiwdrfmfai/Build/Intermediates.noindex/SyncCloud.build/Debug/SyncCloud.build/Objects-normal/arm64/SyncCloud-Swift.h (in target 'SyncCloud' from project 'SyncCloud')
    cd /Users/abhishek/Projects/vibe-code/SyncCloud
    builtin-swiftHeaderTool -arch arm64 /Users/abhishek/Library/Developer/Xcode/DerivedData/SyncCloud-eokdjqkttymrbxbmziiiwdrfmfai/Build/Intermediates.noindex/SyncCloud.build/Debug/SyncCloud.build/Objects-normal/arm64/SyncCloud-Swift.h -o /Users/abhishek/Library/Developer/Xcode/DerivedData/SyncCloud-eokdjqkttymrbxbmziiiwdrfmfai/Build/Intermediates.noindex/SyncCloud.build/Debug/SyncCloud.build/DerivedSources/SyncCloud-Swift.h

Copy /Users/abhishek/Library/Developer/Xcode/DerivedData/SyncCloud-eokdjqkttymrbxbmziiiwdrfmfai/Build/Products/Debug/SyncCloud.swiftmodule/arm64-apple-macos.swiftmodule /Users/abhishek/Library/Developer/Xcode/DerivedData/SyncCloud-eokdjqkttymrbxbmziiiwdrfmfai/Build/Intermediates.noindex/SyncCloud.build/Debug/SyncCloud.build/Objects-normal/arm64/SyncCloud.swiftmodule (in target 'SyncCloud' from project 'SyncCloud')
    cd /Users/abhishek/Projects/vibe-code/SyncCloud
    builtin-copy -exclude .DS_Store -exclude CVS -exclude .svn -exclude .git -exclude .hg -resolve-src-symlinks -rename /Users/abhishek/Library/Developer/Xcode/DerivedData/SyncCloud-eokdjqkttymrbxbmziiiwdrfmfai/Build/Intermediates.noindex/SyncCloud.build/Debug/SyncCloud.build/Objects-normal/arm64/SyncCloud.swiftmodule /Users/abhishek/Library/Developer/Xcode/DerivedData/SyncCloud-eokdjqkttymrbxbmziiiwdrfmfai/Build/Products/Debug/SyncCloud.swiftmodule/arm64-apple-macos.swiftmodule

Copy /Users/abhishek/Library/Developer/Xcode/DerivedData/SyncCloud-eokdjqkttymrbxbmziiiwdrfmfai/Build/Products/Debug/SyncCloud.swiftmodule/arm64-apple-macos.swiftdoc /Users/abhishek/Library/Developer/Xcode/DerivedData/SyncCloud-eokdjqkttymrbxbmziiiwdrfmfai/Build/Intermediates.noindex/SyncCloud.build/Debug/SyncCloud.build/Objects-normal/arm64/SyncCloud.swiftdoc (in target 'SyncCloud' from project 'SyncCloud')
    cd /Users/abhishek/Projects/vibe-code/SyncCloud
    builtin-copy -exclude .DS_Store -exclude CVS -exclude .svn -exclude .git -exclude .hg -resolve-src-symlinks -rename /Users/abhishek/Library/Developer/Xcode/DerivedData/SyncCloud-eokdjqkttymrbxbmziiiwdrfmfai/Build/Intermediates.noindex/SyncCloud.build/Debug/SyncCloud.build/Objects-normal/arm64/SyncCloud.swiftdoc /Users/abhishek/Library/Developer/Xcode/DerivedData/SyncCloud-eokdjqkttymrbxbmziiiwdrfmfai/Build/Products/Debug/SyncCloud.swiftmodule/arm64-apple-macos.swiftdoc

Copy /Users/abhishek/Library/Developer/Xcode/DerivedData/SyncCloud-eokdjqkttymrbxbmziiiwdrfmfai/Build/Products/Debug/SyncCloud.swiftmodule/arm64-apple-macos.abi.json /Users/abhishek/Library/Developer/Xcode/DerivedData/SyncCloud-eokdjqkttymrbxbmziiiwdrfmfai/Build/Intermediates.noindex/SyncCloud.build/Debug/SyncCloud.build/Objects-normal/arm64/SyncCloud.abi.json (in target 'SyncCloud' from project 'SyncCloud')
    cd /Users/abhishek/Projects/vibe-code/SyncCloud
    builtin-copy -exclude .DS_Store -exclude CVS -exclude .svn -exclude .git -exclude .hg -resolve-src-symlinks -rename /Users/abhishek/Library/Developer/Xcode/DerivedData/SyncCloud-eokdjqkttymrbxbmziiiwdrfmfai/Build/Intermediates.noindex/SyncCloud.build/Debug/SyncCloud.build/Objects-normal/arm64/SyncCloud.abi.json /Users/abhishek/Library/Developer/Xcode/DerivedData/SyncCloud-eokdjqkttymrbxbmziiiwdrfmfai/Build/Products/Debug/SyncCloud.swiftmodule/arm64-apple-macos.abi.json

Copy /Users/abhishek/Library/Developer/Xcode/DerivedData/SyncCloud-eokdjqkttymrbxbmziiiwdrfmfai/Build/Products/Debug/SyncCloud.swiftmodule/Project/arm64-apple-macos.swiftsourceinfo /Users/abhishek/Library/Developer/Xcode/DerivedData/SyncCloud-eokdjqkttymrbxbmziiiwdrfmfai/Build/Intermediates.noindex/SyncCloud.build/Debug/SyncCloud.build/Objects-normal/arm64/SyncCloud.swiftsourceinfo (in target 'SyncCloud' from project 'SyncCloud')
    cd /Users/abhishek/Projects/vibe-code/SyncCloud
    builtin-copy -exclude .DS_Store -exclude CVS -exclude .svn -exclude .git -exclude .hg -resolve-src-symlinks -rename /Users/abhishek/Library/Developer/Xcode/DerivedData/SyncCloud-eokdjqkttymrbxbmziiiwdrfmfai/Build/Intermediates.noindex/SyncCloud.build/Debug/SyncCloud.build/Objects-normal/arm64/SyncCloud.swiftsourceinfo /Users/abhishek/Library/Developer/Xcode/DerivedData/SyncCloud-eokdjqkttymrbxbmziiiwdrfmfai/Build/Products/Debug/SyncCloud.swiftmodule/Project/arm64-apple-macos.swiftsourceinfo

SwiftDriverJobDiscovery normal arm64 Compiling SyncCloudApp.swift (in target 'SyncCloud' from project 'SyncCloud')

SwiftDriverJobDiscovery normal arm64 Compiling GeneratedAssetSymbols.swift (in target 'SyncCloud' from project 'SyncCloud')

SwiftDriverJobDiscovery normal arm64 Compiling CloudProvider.swift (in target 'SyncCloud' from project 'SyncCloud')

SwiftDriverJobDiscovery normal arm64 Compiling SettingsManager.swift (in target 'SyncCloud' from project 'SyncCloud')

** BUILD FAILED **


The following build commands failed:
	SwiftCompile normal arm64 Compiling\ DocumentSyncManager.swift /Users/abhishek/Projects/vibe-code/SyncCloud/MacApp/DocumentSyncManager.swift (in target 'SyncCloud' from project 'SyncCloud')
	SwiftCompile normal arm64 /Users/abhishek/Projects/vibe-code/SyncCloud/MacApp/DocumentSyncManager.swift (in target 'SyncCloud' from project 'SyncCloud')
	Building project SyncCloud with scheme SyncCloud and configuration Debug
(3 failures)
