Command line invocation:
    /Applications/Xcode.app/Contents/Developer/usr/bin/xcodebuild -project SyncCloud.xcodeproj -scheme SyncCloud -configuration Debug -derivedDataPath ./build build

2026-03-01 20:48:29.077 xcodebuild[46360:676935] [MT] IDERunDestination: Supported platforms for the buildables in the current scheme is empty.
--- xcodebuild: WARNING: Using the first of multiple matching destinations:
{ platform:macOS, arch:arm64, id:00008132-001224A126D9801C, name:My Mac }
{ platform:macOS, arch:x86_64, id:00008132-001224A126D9801C, name:My Mac }
{ platform:macOS, name:Any Mac }
ComputePackagePrebuildTargetDependencyGraph

Prepare packages

CreateBuildRequest

SendProjectDescription

CreateBuildOperation

ComputeTargetDependencyGraph
note: Building targets in dependency order
note: Target dependency graph (1 target)
    Target 'SyncCloud' in project 'SyncCloud' (no dependencies)

GatherProvisioningInputs

CreateBuildDescription

ExecuteExternalTool /Applications/Xcode.app/Contents/Developer/Toolchains/XcodeDefault.xctoolchain/usr/bin/clang -v -E -dM -isysroot /Applications/Xcode.app/Contents/Developer/Platforms/MacOSX.platform/Developer/SDKs/MacOSX26.2.sdk -x c -c /dev/null

ExecuteExternalTool /Applications/Xcode.app/Contents/Developer/usr/bin/actool --version --output-format xml1

ExecuteExternalTool /Applications/Xcode.app/Contents/Developer/Toolchains/XcodeDefault.xctoolchain/usr/bin/swiftc --version

ExecuteExternalTool /Applications/Xcode.app/Contents/Developer/Toolchains/XcodeDefault.xctoolchain/usr/bin/ld -version_details

Build description signature: dc155e5ab0213c9b66638d1af35c49d4
Build description path: /Users/abhishek/Projects/vibe-code/SyncCloud/build/Build/Intermediates.noindex/XCBuildData/dc155e5ab0213c9b66638d1af35c49d4.xcbuilddata
ClangStatCache /Applications/Xcode.app/Contents/Developer/Toolchains/XcodeDefault.xctoolchain/usr/bin/clang-stat-cache /Applications/Xcode.app/Contents/Developer/Platforms/MacOSX.platform/Developer/SDKs/MacOSX26.2.sdk /Users/abhishek/Projects/vibe-code/SyncCloud/build/SDKStatCaches.noindex/macosx26.2-25C58-00fa09913b459cbbc988d1f6730289ae.sdkstatcache
    cd /Users/abhishek/Projects/vibe-code/SyncCloud/SyncCloud.xcodeproj
    /Applications/Xcode.app/Contents/Developer/Toolchains/XcodeDefault.xctoolchain/usr/bin/clang-stat-cache /Applications/Xcode.app/Contents/Developer/Platforms/MacOSX.platform/Developer/SDKs/MacOSX26.2.sdk -o /Users/abhishek/Projects/vibe-code/SyncCloud/build/SDKStatCaches.noindex/macosx26.2-25C58-00fa09913b459cbbc988d1f6730289ae.sdkstatcache

ProcessProductPackaging /Users/abhishek/Projects/vibe-code/SyncCloud/MacApp/Entitlements.plist /Users/abhishek/Projects/vibe-code/SyncCloud/build/Build/Intermediates.noindex/SyncCloud.build/Debug/SyncCloud.build/SyncCloud.app.xcent (in target 'SyncCloud' from project 'SyncCloud')
    cd /Users/abhishek/Projects/vibe-code/SyncCloud
    
    Entitlements:
    
    {
    "com.apple.security.app-sandbox" = 0;
    "com.apple.security.files.downloads.read-write" = 1;
    "com.apple.security.files.user-selected.read-only" = 1;
    "com.apple.security.files.user-selected.read-write" = 1;
    "com.apple.security.get-task-allow" = 1;
}
    
    builtin-productPackagingUtility /Users/abhishek/Projects/vibe-code/SyncCloud/MacApp/Entitlements.plist -entitlements -format xml -o /Users/abhishek/Projects/vibe-code/SyncCloud/build/Build/Intermediates.noindex/SyncCloud.build/Debug/SyncCloud.build/SyncCloud.app.xcent

ProcessProductPackagingDER /Users/abhishek/Projects/vibe-code/SyncCloud/build/Build/Intermediates.noindex/SyncCloud.build/Debug/SyncCloud.build/SyncCloud.app.xcent /Users/abhishek/Projects/vibe-code/SyncCloud/build/Build/Intermediates.noindex/SyncCloud.build/Debug/SyncCloud.build/SyncCloud.app.xcent.der (in target 'SyncCloud' from project 'SyncCloud')
    cd /Users/abhishek/Projects/vibe-code/SyncCloud
    /usr/bin/derq query -f xml -i /Users/abhishek/Projects/vibe-code/SyncCloud/build/Build/Intermediates.noindex/SyncCloud.build/Debug/SyncCloud.build/SyncCloud.app.xcent -o /Users/abhishek/Projects/vibe-code/SyncCloud/build/Build/Intermediates.noindex/SyncCloud.build/Debug/SyncCloud.build/SyncCloud.app.xcent.der --raw

ProcessInfoPlistFile /Users/abhishek/Projects/vibe-code/SyncCloud/build/Build/Products/Debug/SyncCloud.app/Contents/Info.plist /Users/abhishek/Projects/vibe-code/SyncCloud/MacApp/Info.plist (in target 'SyncCloud' from project 'SyncCloud')
    cd /Users/abhishek/Projects/vibe-code/SyncCloud
    builtin-infoPlistUtility /Users/abhishek/Projects/vibe-code/SyncCloud/MacApp/Info.plist -producttype com.apple.product-type.application -genpkginfo /Users/abhishek/Projects/vibe-code/SyncCloud/build/Build/Products/Debug/SyncCloud.app/Contents/PkgInfo -expandbuildsettings -platform macosx -additionalcontentfile /Users/abhishek/Projects/vibe-code/SyncCloud/build/Build/Intermediates.noindex/SyncCloud.build/Debug/SyncCloud.build/assetcatalog_generated_info.plist -o /Users/abhishek/Projects/vibe-code/SyncCloud/build/Build/Products/Debug/SyncCloud.app/Contents/Info.plist

SwiftDriver SyncCloud normal arm64 com.apple.xcode.tools.swift.compiler (in target 'SyncCloud' from project 'SyncCloud')
    cd /Users/abhishek/Projects/vibe-code/SyncCloud
    builtin-SwiftDriver -- /Applications/Xcode.app/Contents/Developer/Toolchains/XcodeDefault.xctoolchain/usr/bin/swiftc -module-name SyncCloud -Onone -enforce-exclusivity\=checked @/Users/abhishek/Projects/vibe-code/SyncCloud/build/Build/Intermediates.noindex/SyncCloud.build/Debug/SyncCloud.build/Objects-normal/arm64/SyncCloud.SwiftFileList -DDEBUG -enable-bare-slash-regex -enable-experimental-feature DebugDescriptionMacro -sdk /Applications/Xcode.app/Contents/Developer/Platforms/MacOSX.platform/Developer/SDKs/MacOSX26.2.sdk -target arm64-apple-macos14.0 -g -module-cache-path /Users/abhishek/Projects/vibe-code/SyncCloud/build/ModuleCache.noindex -Xfrontend -serialize-debugging-options -enable-testing -index-store-path /Users/abhishek/Projects/vibe-code/SyncCloud/build/Index.noindex/DataStore -Xcc -D_LIBCPP_HARDENING_MODE\=_LIBCPP_HARDENING_MODE_DEBUG -swift-version 5 -I /Users/abhishek/Projects/vibe-code/SyncCloud/build/Build/Products/Debug -F /Users/abhishek/Projects/vibe-code/SyncCloud/build/Build/Products/Debug -c -j10 -enable-batch-mode -incremental -Xcc -ivfsstatcache -Xcc /Users/abhishek/Projects/vibe-code/SyncCloud/build/SDKStatCaches.noindex/macosx26.2-25C58-00fa09913b459cbbc988d1f6730289ae.sdkstatcache -output-file-map /Users/abhishek/Projects/vibe-code/SyncCloud/build/Build/Intermediates.noindex/SyncCloud.build/Debug/SyncCloud.build/Objects-normal/arm64/SyncCloud-OutputFileMap.json -use-frontend-parseable-output -save-temps -no-color-diagnostics -explicit-module-build -module-cache-path /Users/abhishek/Projects/vibe-code/SyncCloud/build/Build/Intermediates.noindex/SwiftExplicitPrecompiledModules -clang-scanner-module-cache-path /Users/abhishek/Projects/vibe-code/SyncCloud/build/ModuleCache.noindex -sdk-module-cache-path /Users/abhishek/Projects/vibe-code/SyncCloud/build/ModuleCache.noindex -serialize-diagnostics -emit-dependencies -emit-module -emit-module-path /Users/abhishek/Projects/vibe-code/SyncCloud/build/Build/Intermediates.noindex/SyncCloud.build/Debug/SyncCloud.build/Objects-normal/arm64/SyncCloud.swiftmodule -validate-clang-modules-once -clang-build-session-file /Users/abhishek/Projects/vibe-code/SyncCloud/build/ModuleCache.noindex/Session.modulevalidation -Xcc -I/Users/abhishek/Projects/vibe-code/SyncCloud/build/Build/Intermediates.noindex/SyncCloud.build/Debug/SyncCloud.build/swift-overrides.hmap -emit-const-values -Xfrontend -const-gather-protocols-file -Xfrontend /Users/abhishek/Projects/vibe-code/SyncCloud/build/Build/Intermediates.noindex/SyncCloud.build/Debug/SyncCloud.build/Objects-normal/arm64/SyncCloud_const_extract_protocols.json -Xcc -iquote -Xcc /Users/abhishek/Projects/vibe-code/SyncCloud/build/Build/Intermediates.noindex/SyncCloud.build/Debug/SyncCloud.build/SyncCloud-generated-files.hmap -Xcc -I/Users/abhishek/Projects/vibe-code/SyncCloud/build/Build/Intermediates.noindex/SyncCloud.build/Debug/SyncCloud.build/SyncCloud-own-target-headers.hmap -Xcc -I/Users/abhishek/Projects/vibe-code/SyncCloud/build/Build/Intermediates.noindex/SyncCloud.build/Debug/SyncCloud.build/SyncCloud-all-target-headers.hmap -Xcc -iquote -Xcc /Users/abhishek/Projects/vibe-code/SyncCloud/build/Build/Intermediates.noindex/SyncCloud.build/Debug/SyncCloud.build/SyncCloud-project-headers.hmap -Xcc -I/Users/abhishek/Projects/vibe-code/SyncCloud/build/Build/Products/Debug/include -Xcc -I/Users/abhishek/Projects/vibe-code/SyncCloud/build/Build/Intermediates.noindex/SyncCloud.build/Debug/SyncCloud.build/DerivedSources-normal/arm64 -Xcc -I/Users/abhishek/Projects/vibe-code/SyncCloud/build/Build/Intermediates.noindex/SyncCloud.build/Debug/SyncCloud.build/DerivedSources/arm64 -Xcc -I/Users/abhishek/Projects/vibe-code/SyncCloud/build/Build/Intermediates.noindex/SyncCloud.build/Debug/SyncCloud.build/DerivedSources -Xcc -DDEBUG\=1 -emit-objc-header -emit-objc-header-path /Users/abhishek/Projects/vibe-code/SyncCloud/build/Build/Intermediates.noindex/SyncCloud.build/Debug/SyncCloud.build/Objects-normal/arm64/SyncCloud-Swift.h -working-directory /Users/abhishek/Projects/vibe-code/SyncCloud -experimental-emit-module-separately -disable-cmo

SwiftCompile normal arm64 Compiling\ ContentView.swift /Users/abhishek/Projects/vibe-code/SyncCloud/MacApp/ContentView.swift (in target 'SyncCloud' from project 'SyncCloud')

SwiftCompile normal arm64 /Users/abhishek/Projects/vibe-code/SyncCloud/MacApp/ContentView.swift (in target 'SyncCloud' from project 'SyncCloud')
    cd /Users/abhishek/Projects/vibe-code/SyncCloud
    
/Users/abhishek/Projects/vibe-code/SyncCloud/MacApp/ContentView.swift:156:10: warning: 'onChange(of:perform:)' was deprecated in macOS 14.0: Use `onChange` with a two or zero parameter action closure instead.
        .onChange(of: sourceProviderId) { _ in
         ^
/Users/abhishek/Projects/vibe-code/SyncCloud/MacApp/ContentView.swift:160:10: warning: 'onChange(of:perform:)' was deprecated in macOS 14.0: Use `onChange` with a two or zero parameter action closure instead.
        .onChange(of: destinationProviderId) { _ in
         ^
/Users/abhishek/Projects/vibe-code/SyncCloud/MacApp/ContentView.swift:164:10: warning: 'onChange(of:perform:)' was deprecated in macOS 14.0: Use `onChange` with a two or zero parameter action closure instead.
        .onChange(of: settings.availableProviders) { _ in
         ^

SwiftEmitModule normal arm64 Emitting\ module\ for\ SyncCloud (in target 'SyncCloud' from project 'SyncCloud')

EmitSwiftModule normal arm64 (in target 'SyncCloud' from project 'SyncCloud')
    cd /Users/abhishek/Projects/vibe-code/SyncCloud
    

SwiftCompile normal arm64 Compiling\ DocumentSyncManager.swift /Users/abhishek/Projects/vibe-code/SyncCloud/MacApp/DocumentSyncManager.swift (in target 'SyncCloud' from project 'SyncCloud')

SwiftCompile normal arm64 /Users/abhishek/Projects/vibe-code/SyncCloud/MacApp/DocumentSyncManager.swift (in target 'SyncCloud' from project 'SyncCloud')
    cd /Users/abhishek/Projects/vibe-code/SyncCloud
    

SwiftCompile normal arm64 Compiling\ SettingsView.swift /Users/abhishek/Projects/vibe-code/SyncCloud/MacApp/SettingsView.swift (in target 'SyncCloud' from project 'SyncCloud')

SwiftCompile normal arm64 /Users/abhishek/Projects/vibe-code/SyncCloud/MacApp/SettingsView.swift (in target 'SyncCloud' from project 'SyncCloud')
    cd /Users/abhishek/Projects/vibe-code/SyncCloud
    

SwiftCompile normal arm64 Compiling\ SyncCloudApp.swift /Users/abhishek/Projects/vibe-code/SyncCloud/MacApp/SyncCloudApp.swift (in target 'SyncCloud' from project 'SyncCloud')

SwiftCompile normal arm64 /Users/abhishek/Projects/vibe-code/SyncCloud/MacApp/SyncCloudApp.swift (in target 'SyncCloud' from project 'SyncCloud')
    cd /Users/abhishek/Projects/vibe-code/SyncCloud
    

SwiftCompile normal arm64 Compiling\ SettingsManager.swift /Users/abhishek/Projects/vibe-code/SyncCloud/MacApp/SettingsManager.swift (in target 'SyncCloud' from project 'SyncCloud')

SwiftCompile normal arm64 /Users/abhishek/Projects/vibe-code/SyncCloud/MacApp/SettingsManager.swift (in target 'SyncCloud' from project 'SyncCloud')
    cd /Users/abhishek/Projects/vibe-code/SyncCloud
    

SwiftCompile normal arm64 Compiling\ CloudProvider.swift /Users/abhishek/Projects/vibe-code/SyncCloud/MacApp/CloudProvider.swift (in target 'SyncCloud' from project 'SyncCloud')

SwiftCompile normal arm64 /Users/abhishek/Projects/vibe-code/SyncCloud/MacApp/CloudProvider.swift (in target 'SyncCloud' from project 'SyncCloud')
    cd /Users/abhishek/Projects/vibe-code/SyncCloud
    

SwiftDriverJobDiscovery normal arm64 Compiling SyncCloudApp.swift (in target 'SyncCloud' from project 'SyncCloud')

SwiftDriverJobDiscovery normal arm64 Compiling CloudProvider.swift (in target 'SyncCloud' from project 'SyncCloud')

SwiftDriverJobDiscovery normal arm64 Compiling SettingsView.swift (in target 'SyncCloud' from project 'SyncCloud')

SwiftDriverJobDiscovery normal arm64 Compiling SettingsManager.swift (in target 'SyncCloud' from project 'SyncCloud')

SwiftDriverJobDiscovery normal arm64 Compiling DocumentSyncManager.swift (in target 'SyncCloud' from project 'SyncCloud')

SwiftDriverJobDiscovery normal arm64 Compiling ContentView.swift (in target 'SyncCloud' from project 'SyncCloud')

SwiftDriver\ Compilation SyncCloud normal arm64 com.apple.xcode.tools.swift.compiler (in target 'SyncCloud' from project 'SyncCloud')
    cd /Users/abhishek/Projects/vibe-code/SyncCloud
    builtin-Swift-Compilation -- /Applications/Xcode.app/Contents/Developer/Toolchains/XcodeDefault.xctoolchain/usr/bin/swiftc -module-name SyncCloud -Onone -enforce-exclusivity\=checked @/Users/abhishek/Projects/vibe-code/SyncCloud/build/Build/Intermediates.noindex/SyncCloud.build/Debug/SyncCloud.build/Objects-normal/arm64/SyncCloud.SwiftFileList -DDEBUG -enable-bare-slash-regex -enable-experimental-feature DebugDescriptionMacro -sdk /Applications/Xcode.app/Contents/Developer/Platforms/MacOSX.platform/Developer/SDKs/MacOSX26.2.sdk -target arm64-apple-macos14.0 -g -module-cache-path /Users/abhishek/Projects/vibe-code/SyncCloud/build/ModuleCache.noindex -Xfrontend -serialize-debugging-options -enable-testing -index-store-path /Users/abhishek/Projects/vibe-code/SyncCloud/build/Index.noindex/DataStore -Xcc -D_LIBCPP_HARDENING_MODE\=_LIBCPP_HARDENING_MODE_DEBUG -swift-version 5 -I /Users/abhishek/Projects/vibe-code/SyncCloud/build/Build/Products/Debug -F /Users/abhishek/Projects/vibe-code/SyncCloud/build/Build/Products/Debug -c -j10 -enable-batch-mode -incremental -Xcc -ivfsstatcache -Xcc /Users/abhishek/Projects/vibe-code/SyncCloud/build/SDKStatCaches.noindex/macosx26.2-25C58-00fa09913b459cbbc988d1f6730289ae.sdkstatcache -output-file-map /Users/abhishek/Projects/vibe-code/SyncCloud/build/Build/Intermediates.noindex/SyncCloud.build/Debug/SyncCloud.build/Objects-normal/arm64/SyncCloud-OutputFileMap.json -use-frontend-parseable-output -save-temps -no-color-diagnostics -explicit-module-build -module-cache-path /Users/abhishek/Projects/vibe-code/SyncCloud/build/Build/Intermediates.noindex/SwiftExplicitPrecompiledModules -clang-scanner-module-cache-path /Users/abhishek/Projects/vibe-code/SyncCloud/build/ModuleCache.noindex -sdk-module-cache-path /Users/abhishek/Projects/vibe-code/SyncCloud/build/ModuleCache.noindex -serialize-diagnostics -emit-dependencies -emit-module -emit-module-path /Users/abhishek/Projects/vibe-code/SyncCloud/build/Build/Intermediates.noindex/SyncCloud.build/Debug/SyncCloud.build/Objects-normal/arm64/SyncCloud.swiftmodule -validate-clang-modules-once -clang-build-session-file /Users/abhishek/Projects/vibe-code/SyncCloud/build/ModuleCache.noindex/Session.modulevalidation -Xcc -I/Users/abhishek/Projects/vibe-code/SyncCloud/build/Build/Intermediates.noindex/SyncCloud.build/Debug/SyncCloud.build/swift-overrides.hmap -emit-const-values -Xfrontend -const-gather-protocols-file -Xfrontend /Users/abhishek/Projects/vibe-code/SyncCloud/build/Build/Intermediates.noindex/SyncCloud.build/Debug/SyncCloud.build/Objects-normal/arm64/SyncCloud_const_extract_protocols.json -Xcc -iquote -Xcc /Users/abhishek/Projects/vibe-code/SyncCloud/build/Build/Intermediates.noindex/SyncCloud.build/Debug/SyncCloud.build/SyncCloud-generated-files.hmap -Xcc -I/Users/abhishek/Projects/vibe-code/SyncCloud/build/Build/Intermediates.noindex/SyncCloud.build/Debug/SyncCloud.build/SyncCloud-own-target-headers.hmap -Xcc -I/Users/abhishek/Projects/vibe-code/SyncCloud/build/Build/Intermediates.noindex/SyncCloud.build/Debug/SyncCloud.build/SyncCloud-all-target-headers.hmap -Xcc -iquote -Xcc /Users/abhishek/Projects/vibe-code/SyncCloud/build/Build/Intermediates.noindex/SyncCloud.build/Debug/SyncCloud.build/SyncCloud-project-headers.hmap -Xcc -I/Users/abhishek/Projects/vibe-code/SyncCloud/build/Build/Products/Debug/include -Xcc -I/Users/abhishek/Projects/vibe-code/SyncCloud/build/Build/Intermediates.noindex/SyncCloud.build/Debug/SyncCloud.build/DerivedSources-normal/arm64 -Xcc -I/Users/abhishek/Projects/vibe-code/SyncCloud/build/Build/Intermediates.noindex/SyncCloud.build/Debug/SyncCloud.build/DerivedSources/arm64 -Xcc -I/Users/abhishek/Projects/vibe-code/SyncCloud/build/Build/Intermediates.noindex/SyncCloud.build/Debug/SyncCloud.build/DerivedSources -Xcc -DDEBUG\=1 -emit-objc-header -emit-objc-header-path /Users/abhishek/Projects/vibe-code/SyncCloud/build/Build/Intermediates.noindex/SyncCloud.build/Debug/SyncCloud.build/Objects-normal/arm64/SyncCloud-Swift.h -working-directory /Users/abhishek/Projects/vibe-code/SyncCloud -experimental-emit-module-separately -disable-cmo

Ld /Users/abhishek/Projects/vibe-code/SyncCloud/build/Build/Products/Debug/SyncCloud.app/Contents/MacOS/SyncCloud.debug.dylib normal (in target 'SyncCloud' from project 'SyncCloud')
    cd /Users/abhishek/Projects/vibe-code/SyncCloud
    /Applications/Xcode.app/Contents/Developer/Toolchains/XcodeDefault.xctoolchain/usr/bin/clang -Xlinker -reproducible -target arm64-apple-macos14.0 -dynamiclib -isysroot /Applications/Xcode.app/Contents/Developer/Platforms/MacOSX.platform/Developer/SDKs/MacOSX26.2.sdk -O0 -L/Users/abhishek/Projects/vibe-code/SyncCloud/build/Build/Intermediates.noindex/EagerLinkingTBDs/Debug -L/Users/abhishek/Projects/vibe-code/SyncCloud/build/Build/Products/Debug -F/Users/abhishek/Projects/vibe-code/SyncCloud/build/Build/Intermediates.noindex/EagerLinkingTBDs/Debug -F/Users/abhishek/Projects/vibe-code/SyncCloud/build/Build/Products/Debug -filelist /Users/abhishek/Projects/vibe-code/SyncCloud/build/Build/Intermediates.noindex/SyncCloud.build/Debug/SyncCloud.build/Objects-normal/arm64/SyncCloud.LinkFileList -install_name @rpath/SyncCloud.debug.dylib -Xlinker -rpath -Xlinker /usr/lib/swift -Xlinker -rpath -Xlinker @executable_path/../Frameworks -Xlinker -object_path_lto -Xlinker /Users/abhishek/Projects/vibe-code/SyncCloud/build/Build/Intermediates.noindex/SyncCloud.build/Debug/SyncCloud.build/Objects-normal/arm64/SyncCloud_lto.o -rdynamic -Xlinker -no_deduplicate -Xlinker -dependency_info -Xlinker /Users/abhishek/Projects/vibe-code/SyncCloud/build/Build/Intermediates.noindex/SyncCloud.build/Debug/SyncCloud.build/Objects-normal/arm64/SyncCloud_dependency_info.dat -fobjc-link-runtime -L/Applications/Xcode.app/Contents/Developer/Toolchains/XcodeDefault.xctoolchain/usr/lib/swift/macosx -L/usr/lib/swift -Xlinker -add_ast_path -Xlinker /Users/abhishek/Projects/vibe-code/SyncCloud/build/Build/Intermediates.noindex/SyncCloud.build/Debug/SyncCloud.build/Objects-normal/arm64/SyncCloud.swiftmodule @/Users/abhishek/Projects/vibe-code/SyncCloud/build/Build/Intermediates.noindex/SyncCloud.build/Debug/SyncCloud.build/Objects-normal/arm64/SyncCloud-linker-args.resp -Xlinker -alias -Xlinker _main -Xlinker ___debug_main_executable_dylib_entry_point -Xlinker -no_adhoc_codesign -o /Users/abhishek/Projects/vibe-code/SyncCloud/build/Build/Products/Debug/SyncCloud.app/Contents/MacOS/SyncCloud.debug.dylib

ConstructStubExecutorLinkFileList /Users/abhishek/Projects/vibe-code/SyncCloud/build/Build/Intermediates.noindex/SyncCloud.build/Debug/SyncCloud.build/SyncCloud-ExecutorLinkFileList-normal-arm64.txt (in target 'SyncCloud' from project 'SyncCloud')
    cd /Users/abhishek/Projects/vibe-code/SyncCloud
    construct-stub-executor-link-file-list /Users/abhishek/Projects/vibe-code/SyncCloud/build/Build/Products/Debug/SyncCloud.app/Contents/MacOS/SyncCloud.debug.dylib /Applications/Xcode.app/Contents/Developer/Platforms/MacOSX.platform/Developer/usr/lib/libPreviewsJITStubExecutor_no_swift_entry_point.a /Applications/Xcode.app/Contents/Developer/Platforms/MacOSX.platform/Developer/usr/lib/libPreviewsJITStubExecutor.a --output /Users/abhishek/Projects/vibe-code/SyncCloud/build/Build/Intermediates.noindex/SyncCloud.build/Debug/SyncCloud.build/SyncCloud-ExecutorLinkFileList-normal-arm64.txt
note: Using stub executor library with Swift entry point. (in target 'SyncCloud' from project 'SyncCloud')

Ld /Users/abhishek/Projects/vibe-code/SyncCloud/build/Build/Products/Debug/SyncCloud.app/Contents/MacOS/SyncCloud normal (in target 'SyncCloud' from project 'SyncCloud')
    cd /Users/abhishek/Projects/vibe-code/SyncCloud
    /Applications/Xcode.app/Contents/Developer/Toolchains/XcodeDefault.xctoolchain/usr/bin/clang -Xlinker -reproducible -target arm64-apple-macos14.0 -isysroot /Applications/Xcode.app/Contents/Developer/Platforms/MacOSX.platform/Developer/SDKs/MacOSX26.2.sdk -O0 -L/Users/abhishek/Projects/vibe-code/SyncCloud/build/Build/Products/Debug -F/Users/abhishek/Projects/vibe-code/SyncCloud/build/Build/Products/Debug -Xlinker -rpath -Xlinker @executable_path -Xlinker -rpath -Xlinker @executable_path/../Frameworks -rdynamic -Xlinker -no_deduplicate -e ___debug_blank_executor_main -Xlinker -sectcreate -Xlinker __TEXT -Xlinker __debug_dylib -Xlinker /Users/abhishek/Projects/vibe-code/SyncCloud/build/Build/Intermediates.noindex/SyncCloud.build/Debug/SyncCloud.build/SyncCloud-DebugDylibPath-normal-arm64.txt -Xlinker -sectcreate -Xlinker __TEXT -Xlinker __debug_instlnm -Xlinker /Users/abhishek/Projects/vibe-code/SyncCloud/build/Build/Intermediates.noindex/SyncCloud.build/Debug/SyncCloud.build/SyncCloud-DebugDylibInstallName-normal-arm64.txt -Xlinker -filelist -Xlinker /Users/abhishek/Projects/vibe-code/SyncCloud/build/Build/Intermediates.noindex/SyncCloud.build/Debug/SyncCloud.build/SyncCloud-ExecutorLinkFileList-normal-arm64.txt /Users/abhishek/Projects/vibe-code/SyncCloud/build/Build/Products/Debug/SyncCloud.app/Contents/MacOS/SyncCloud.debug.dylib -Xlinker -no_adhoc_codesign -o /Users/abhishek/Projects/vibe-code/SyncCloud/build/Build/Products/Debug/SyncCloud.app/Contents/MacOS/SyncCloud

CopySwiftLibs /Users/abhishek/Projects/vibe-code/SyncCloud/build/Build/Products/Debug/SyncCloud.app (in target 'SyncCloud' from project 'SyncCloud')
    cd /Users/abhishek/Projects/vibe-code/SyncCloud
    builtin-swiftStdLibTool --copy --verbose --sign - --scan-executable /Users/abhishek/Projects/vibe-code/SyncCloud/build/Build/Products/Debug/SyncCloud.app/Contents/MacOS/SyncCloud.debug.dylib --scan-folder /Users/abhishek/Projects/vibe-code/SyncCloud/build/Build/Products/Debug/SyncCloud.app/Contents/Frameworks --scan-folder /Users/abhishek/Projects/vibe-code/SyncCloud/build/Build/Products/Debug/SyncCloud.app/Contents/PlugIns --scan-folder /Users/abhishek/Projects/vibe-code/SyncCloud/build/Build/Products/Debug/SyncCloud.app/Contents/Library/SystemExtensions --scan-folder /Users/abhishek/Projects/vibe-code/SyncCloud/build/Build/Products/Debug/SyncCloud.app/Contents/Extensions --platform macosx --toolchain /Applications/Xcode.app/Contents/Developer/Toolchains/XcodeDefault.xctoolchain --destination /Users/abhishek/Projects/vibe-code/SyncCloud/build/Build/Products/Debug/SyncCloud.app/Contents/Frameworks --strip-bitcode --strip-bitcode-tool /Applications/Xcode.app/Contents/Developer/Toolchains/XcodeDefault.xctoolchain/usr/bin/bitcode_strip --emit-dependency-info /Users/abhishek/Projects/vibe-code/SyncCloud/build/Build/Intermediates.noindex/SyncCloud.build/Debug/SyncCloud.build/SwiftStdLibToolInputDependencies.dep --filter-for-swift-os --back-deploy-swift-span

ExtractAppIntentsMetadata (in target 'SyncCloud' from project 'SyncCloud')
    cd /Users/abhishek/Projects/vibe-code/SyncCloud
    /Applications/Xcode.app/Contents/Developer/Toolchains/XcodeDefault.xctoolchain/usr/bin/appintentsmetadataprocessor --toolchain-dir /Applications/Xcode.app/Contents/Developer/Toolchains/XcodeDefault.xctoolchain --module-name SyncCloud --sdk-root /Applications/Xcode.app/Contents/Developer/Platforms/MacOSX.platform/Developer/SDKs/MacOSX26.2.sdk --xcode-version 17C529 --platform-family macOS --deployment-target 14.0 --bundle-identifier com.example.SyncCloud --output /Users/abhishek/Projects/vibe-code/SyncCloud/build/Build/Products/Debug/SyncCloud.app/Contents/Resources --target-triple arm64-apple-macos14.0 --binary-file /Users/abhishek/Projects/vibe-code/SyncCloud/build/Build/Products/Debug/SyncCloud.app/Contents/MacOS/SyncCloud --dependency-file /Users/abhishek/Projects/vibe-code/SyncCloud/build/Build/Intermediates.noindex/SyncCloud.build/Debug/SyncCloud.build/Objects-normal/arm64/SyncCloud_dependency_info.dat --stringsdata-file /Users/abhishek/Projects/vibe-code/SyncCloud/build/Build/Intermediates.noindex/SyncCloud.build/Debug/SyncCloud.build/Objects-normal/arm64/ExtractedAppShortcutsMetadata.stringsdata --source-file-list /Users/abhishek/Projects/vibe-code/SyncCloud/build/Build/Intermediates.noindex/SyncCloud.build/Debug/SyncCloud.build/Objects-normal/arm64/SyncCloud.SwiftFileList --metadata-file-list /Users/abhishek/Projects/vibe-code/SyncCloud/build/Build/Intermediates.noindex/SyncCloud.build/Debug/SyncCloud.build/SyncCloud.DependencyMetadataFileList --static-metadata-file-list /Users/abhishek/Projects/vibe-code/SyncCloud/build/Build/Intermediates.noindex/SyncCloud.build/Debug/SyncCloud.build/SyncCloud.DependencyStaticMetadataFileList --swift-const-vals-list /Users/abhishek/Projects/vibe-code/SyncCloud/build/Build/Intermediates.noindex/SyncCloud.build/Debug/SyncCloud.build/Objects-normal/arm64/SyncCloud.SwiftConstValuesFileList --compile-time-extraction --deployment-aware-processing --validate-assistant-intents --no-app-shortcuts-localization
2026-03-01 20:48:31.117 appintentsmetadataprocessor[46392:677236] Starting appintentsmetadataprocessor export
2026-03-01 20:48:31.118 appintentsmetadataprocessor[46392:677236] warning: Metadata extraction skipped. No AppIntents.framework dependency found.

CodeSign /Users/abhishek/Projects/vibe-code/SyncCloud/build/Build/Products/Debug/SyncCloud.app/Contents/MacOS/SyncCloud.debug.dylib (in target 'SyncCloud' from project 'SyncCloud')
    cd /Users/abhishek/Projects/vibe-code/SyncCloud
    
    Signing Identity:     "Sign to Run Locally"
    
    /usr/bin/codesign --force --sign - --timestamp\=none --generate-entitlement-der /Users/abhishek/Projects/vibe-code/SyncCloud/build/Build/Products/Debug/SyncCloud.app/Contents/MacOS/SyncCloud.debug.dylib

CodeSign /Users/abhishek/Projects/vibe-code/SyncCloud/build/Build/Products/Debug/SyncCloud.app/Contents/MacOS/__preview.dylib (in target 'SyncCloud' from project 'SyncCloud')
    cd /Users/abhishek/Projects/vibe-code/SyncCloud
    
    Signing Identity:     "Sign to Run Locally"
    
    /usr/bin/codesign --force --sign - --timestamp\=none --generate-entitlement-der /Users/abhishek/Projects/vibe-code/SyncCloud/build/Build/Products/Debug/SyncCloud.app/Contents/MacOS/__preview.dylib

CodeSign /Users/abhishek/Projects/vibe-code/SyncCloud/build/Build/Products/Debug/SyncCloud.app (in target 'SyncCloud' from project 'SyncCloud')
    cd /Users/abhishek/Projects/vibe-code/SyncCloud
    
    Signing Identity:     "Sign to Run Locally"
    
    /usr/bin/codesign --force --sign - --entitlements /Users/abhishek/Projects/vibe-code/SyncCloud/build/Build/Intermediates.noindex/SyncCloud.build/Debug/SyncCloud.build/SyncCloud.app.xcent --timestamp\=none --generate-entitlement-der /Users/abhishek/Projects/vibe-code/SyncCloud/build/Build/Products/Debug/SyncCloud.app

RegisterExecutionPolicyException /Users/abhishek/Projects/vibe-code/SyncCloud/build/Build/Products/Debug/SyncCloud.app (in target 'SyncCloud' from project 'SyncCloud')
    cd /Users/abhishek/Projects/vibe-code/SyncCloud
    builtin-RegisterExecutionPolicyException /Users/abhishek/Projects/vibe-code/SyncCloud/build/Build/Products/Debug/SyncCloud.app

Validate /Users/abhishek/Projects/vibe-code/SyncCloud/build/Build/Products/Debug/SyncCloud.app (in target 'SyncCloud' from project 'SyncCloud')
    cd /Users/abhishek/Projects/vibe-code/SyncCloud
    builtin-validationUtility /Users/abhishek/Projects/vibe-code/SyncCloud/build/Build/Products/Debug/SyncCloud.app -no-validate-extension -infoplist-subpath Contents/Info.plist

Touch /Users/abhishek/Projects/vibe-code/SyncCloud/build/Build/Products/Debug/SyncCloud.app (in target 'SyncCloud' from project 'SyncCloud')
    cd /Users/abhishek/Projects/vibe-code/SyncCloud
    /usr/bin/touch -c /Users/abhishek/Projects/vibe-code/SyncCloud/build/Build/Products/Debug/SyncCloud.app

RegisterWithLaunchServices /Users/abhishek/Projects/vibe-code/SyncCloud/build/Build/Products/Debug/SyncCloud.app (in target 'SyncCloud' from project 'SyncCloud')
    cd /Users/abhishek/Projects/vibe-code/SyncCloud
    /System/Library/Frameworks/CoreServices.framework/Versions/Current/Frameworks/LaunchServices.framework/Versions/Current/Support/lsregister -f -R -trusted /Users/abhishek/Projects/vibe-code/SyncCloud/build/Build/Products/Debug/SyncCloud.app

** BUILD SUCCEEDED **

